Archive member included to satisfy reference by file (symbol)

../lab3_bsp/\libhal_bsp.a(alt_load.o)
                              ../lab3_bsp//obj/HAL/src/crt0.o (alt_load)
../lab3_bsp/\libhal_bsp.a(alt_main.o)
                              ../lab3_bsp//obj/HAL/src/crt0.o (alt_main)
../lab3_bsp/\libhal_bsp.a(alt_printf.o)
                              obj/default/lab3.o (alt_printf)
../lab3_bsp/\libhal_bsp.a(alt_putchar.o)
                              ../lab3_bsp/\libhal_bsp.a(alt_printf.o) (alt_putchar)
../lab3_bsp/\libhal_bsp.a(alt_sys_init.o)
                              ../lab3_bsp/\libhal_bsp.a(alt_main.o) (alt_irq_init)
../lab3_bsp/\libhal_bsp.a(altera_avalon_jtag_uart_fd.o)
                              ../lab3_bsp/\libhal_bsp.a(alt_sys_init.o) (altera_avalon_jtag_uart_read_fd)
../lab3_bsp/\libhal_bsp.a(altera_avalon_jtag_uart_init.o)
                              ../lab3_bsp/\libhal_bsp.a(alt_sys_init.o) (altera_avalon_jtag_uart_init)
../lab3_bsp/\libhal_bsp.a(altera_avalon_jtag_uart_ioctl.o)
                              ../lab3_bsp/\libhal_bsp.a(altera_avalon_jtag_uart_fd.o) (altera_avalon_jtag_uart_ioctl)
../lab3_bsp/\libhal_bsp.a(altera_avalon_jtag_uart_read.o)
                              ../lab3_bsp/\libhal_bsp.a(altera_avalon_jtag_uart_fd.o) (altera_avalon_jtag_uart_read)
../lab3_bsp/\libhal_bsp.a(altera_avalon_jtag_uart_write.o)
                              ../lab3_bsp/\libhal_bsp.a(altera_avalon_jtag_uart_fd.o) (altera_avalon_jtag_uart_write)
../lab3_bsp/\libhal_bsp.a(altera_avalon_sgdma.o)
                              obj/default/lab3.o (alt_avalon_sgdma_do_async_transfer)
../lab3_bsp/\libhal_bsp.a(alt_alarm_start.o)
                              ../lab3_bsp/\libhal_bsp.a(altera_avalon_jtag_uart_init.o) (alt_alarm_start)
../lab3_bsp/\libhal_bsp.a(alt_close.o)
                              ../lab3_bsp/\libhal_bsp.a(alt_main.o) (close)
../lab3_bsp/\libhal_bsp.a(alt_dcache_flush.o)
                              ../lab3_bsp/\libhal_bsp.a(altera_avalon_sgdma.o) (alt_dcache_flush)
../lab3_bsp/\libhal_bsp.a(alt_dcache_flush_all.o)
                              ../lab3_bsp/\libhal_bsp.a(alt_load.o) (alt_dcache_flush_all)
../lab3_bsp/\libhal_bsp.a(alt_dev.o)
                              ../lab3_bsp/\libhal_bsp.a(alt_sys_init.o) (alt_dev_list)
../lab3_bsp/\libhal_bsp.a(alt_dev_llist_insert.o)
                              ../lab3_bsp/\libhal_bsp.a(alt_sys_init.o) (alt_dev_llist_insert)
../lab3_bsp/\libhal_bsp.a(alt_do_ctors.o)
                              ../lab3_bsp/\libhal_bsp.a(alt_main.o) (_do_ctors)
../lab3_bsp/\libhal_bsp.a(alt_do_dtors.o)
                              ../lab3_bsp/\libhal_bsp.a(alt_main.o) (_do_dtors)
../lab3_bsp/\libhal_bsp.a(alt_errno.o)
                              ../lab3_bsp/\libhal_bsp.a(altera_avalon_sgdma.o) (alt_errno)
../lab3_bsp/\libhal_bsp.a(alt_find_dev.o)
                              ../lab3_bsp/\libhal_bsp.a(altera_avalon_sgdma.o) (alt_find_dev)
../lab3_bsp/\libhal_bsp.a(alt_icache_flush_all.o)
                              ../lab3_bsp/\libhal_bsp.a(alt_load.o) (alt_icache_flush_all)
../lab3_bsp/\libhal_bsp.a(alt_iic.o)
                              ../lab3_bsp/\libhal_bsp.a(altera_avalon_jtag_uart_init.o) (alt_ic_isr_register)
../lab3_bsp/\libhal_bsp.a(alt_iic_isr_register.o)
                              ../lab3_bsp/\libhal_bsp.a(alt_iic.o) (alt_iic_isr_register)
../lab3_bsp/\libhal_bsp.a(alt_io_redirect.o)
                              ../lab3_bsp/\libhal_bsp.a(alt_main.o) (alt_io_redirect)
../lab3_bsp/\libhal_bsp.a(alt_irq_entry.o)
                              ../lab3_bsp/\libhal_bsp.a(alt_iic_isr_register.o) (alt_irq_entry)
../lab3_bsp/\libhal_bsp.a(alt_irq_handler.o)
                              ../lab3_bsp/\libhal_bsp.a(alt_iic_isr_register.o) (alt_irq)
../lab3_bsp/\libhal_bsp.a(alt_irq_vars.o)
                              ../lab3_bsp/\libhal_bsp.a(alt_iic.o) (alt_irq_active)
../lab3_bsp/\libhal_bsp.a(alt_open.o)
                              ../lab3_bsp/\libhal_bsp.a(alt_io_redirect.o) (open)
../lab3_bsp/\libhal_bsp.a(alt_release_fd.o)
                              ../lab3_bsp/\libhal_bsp.a(alt_close.o) (alt_release_fd)
../lab3_bsp/\libhal_bsp.a(alt_tick.o)
                              ../lab3_bsp/\libhal_bsp.a(altera_avalon_jtag_uart_init.o) (_alt_tick_rate)
../lab3_bsp/\libhal_bsp.a(altera_nios2_gen2_irq.o)
                              ../lab3_bsp/\libhal_bsp.a(alt_sys_init.o) (altera_nios2_gen2_irq_init)
../lab3_bsp/\libhal_bsp.a(alt_exception_entry.o)
                              ../lab3_bsp/\libhal_bsp.a(alt_irq_entry.o) (alt_exception)
../lab3_bsp/\libhal_bsp.a(alt_find_file.o)
                              ../lab3_bsp/\libhal_bsp.a(alt_open.o) (alt_find_file)
../lab3_bsp/\libhal_bsp.a(alt_get_fd.o)
                              ../lab3_bsp/\libhal_bsp.a(alt_open.o) (alt_get_fd)
../lab3_bsp/\libhal_bsp.a(alt_icache_flush.o)
                              ../lab3_bsp/\libhal_bsp.a(alt_icache_flush_all.o) (alt_icache_flush)
[...]
Memory Configuration

Name             Origin             Length             Attributes
reset            0x0000000000080000 0x0000000000000020
main_memory      0x0000000000080020 0x000000000004afe0
descriptor_memory 0x0000000000100000 0x0000000000001000
*default*        0x0000000000000000 0xffffffffffffffff

Linker script and memory map

LOAD ../lab3_bsp//obj/HAL/src/crt0.o
LOAD obj/default/lab3.o
LOAD c:/altera/15.0/nios2eds/bin/gnu/h-x86_64-mingw32/bin/../lib/gcc/nios2-elf/4.9.1/../../../../../H-x86_64-mingw32/nios2-elf/lib\libstdc++.a
LOAD c:/altera/15.0/nios2eds/bin/gnu/h-x86_64-mingw32/bin/../lib/gcc/nios2-elf/4.9.1/../../../../../H-x86_64-mingw32/nios2-elf/lib\libm.a
LOAD c:/altera/15.0/nios2eds/bin/gnu/h-x86_64-mingw32/bin/../lib/gcc/nios2-elf/4.9.1\libgcc.a
START GROUP
LOAD c:/altera/15.0/nios2eds/bin/gnu/h-x86_64-mingw32/bin/../lib/gcc/nios2-elf/4.9.1/../../../../../H-x86_64-mingw32/nios2-elf/lib\libc.a
LOAD c:/altera/15.0/nios2eds/bin/gnu/h-x86_64-mingw32/bin/../lib/gcc/nios2-elf/4.9.1\libgcc.a
LOAD ../lab3_bsp/\libhal_bsp.a
LOAD c:/altera/15.0/nios2eds/bin/gnu/h-x86_64-mingw32/bin/../lib/gcc/nios2-elf/4.9.1/../../../../../H-x86_64-mingw32/nios2-elf/lib\libm.a
END GROUP
LOAD c:/altera/15.0/nios2eds/bin/gnu/h-x86_64-mingw32/bin/../lib/gcc/nios2-elf/4.9.1\libgcc.a
                0x0000000000080000                __alt_mem_main_memory = 0x80000
                0x0000000000100000                __alt_mem_descriptor_memory = 0x100000

.entry          0x0000000000080000       0x20
 *(.entry)
 .entry         0x0000000000080000       0x20 ../lab3_bsp//obj/HAL/src/crt0.o
                0x0000000000080000                __reset

.exceptions     0x0000000000080020      0x220
                0x0000000000080020                PROVIDE (__ram_exceptions_start, ABSOLUTE (.))
                0x0000000000080020                . = ALIGN (0x20)
 *(.irq)
 *(.exceptions.entry.label)
 .exceptions.entry.label
                0x0000000000080020        0x0 ../lab3_bsp/\libhal_bsp.a(alt_irq_entry.o)
                0x0000000000080020                alt_irq_entry
 .exceptions.entry.label
                0x0000000000080020        0x0 ../lab3_bsp/\libhal_bsp.a(alt_exception_entry.o)
                0x0000000000080020                alt_exception
 *(.exceptions.entry.user)
 *(.exceptions.entry.ecc_fatal)
 *(.exceptions.entry)
 .exceptions.entry
                0x0000000000080020       0x54 ../lab3_bsp/\libhal_bsp.a(alt_exception_entry.o)
 *(.exceptions.irqtest.user)
 *(.exceptions.irqtest)
 .exceptions.irqtest
                0x0000000000080074       0x10 ../lab3_bsp/\libhal_bsp.a(alt_irq_entry.o)
 *(.exceptions.irqhandler.user)
 *(.exceptions.irqhandler)
 .exceptions.irqhandler
                0x0000000000080084        0x4 ../lab3_bsp/\libhal_bsp.a(alt_irq_entry.o)
 *(.exceptions.irqreturn.user)
 *(.exceptions.irqreturn)
 .exceptions.irqreturn
                0x0000000000080088        0x4 ../lab3_bsp/\libhal_bsp.a(alt_irq_entry.o)
 *(.exceptions.notirq.label)
 .exceptions.notirq.label
                0x000000000008008c        0x0 ../lab3_bsp/\libhal_bsp.a(alt_irq_entry.o)
 *(.exceptions.notirq.user)
 *(.exceptions.notirq)
 .exceptions.notirq
                0x000000000008008c        0x8 ../lab3_bsp/\libhal_bsp.a(alt_exception_entry.o)
 *(.exceptions.soft.user)
 *(.exceptions.soft)
 *(.exceptions.unknown.user)
 *(.exceptions.unknown)
 .exceptions.unknown
                0x0000000000080094       0x14 ../lab3_bsp/\libhal_bsp.a(alt_exception_entry.o)
 *(.exceptions.exit.label)
 .exceptions.exit.label
                0x00000000000800a8        0x0 ../lab3_bsp/\libhal_bsp.a(alt_irq_entry.o)
 .exceptions.exit.label
                0x00000000000800a8        0x0 ../lab3_bsp/\libhal_bsp.a(alt_exception_entry.o)
 *(.exceptions.exit.user)
 *(.exceptions.exit)
 .exceptions.exit
                0x00000000000800a8       0x54 ../lab3_bsp/\libhal_bsp.a(alt_exception_entry.o)
 *(.exceptions)
 .exceptions    0x00000000000800fc       0xd0 ../lab3_bsp/\libhal_bsp.a(alt_irq_handler.o)
                0x00000000000800fc                alt_irq_handler
 .exceptions    0x00000000000801cc       0x74 ../lab3_bsp/\libhal_bsp.a(alt_instruction_exception_entry.o)
                0x00000000000801cc                alt_instruction_exception_entry
                0x0000000000080240                PROVIDE (__ram_exceptions_end, ABSOLUTE (.))
                0x0000000000080020                PROVIDE (__flash_exceptions_start, LOADADDR (.exceptions))

.text           0x0000000000080240     0x5c88
                0x0000000000080240                PROVIDE (stext, ABSOLUTE (.))
 *(.interp)
 *(.hash)
 *(.dynsym)
 *(.dynstr)
 *(.gnu.version)
 *(.gnu.version_d)
 *(.gnu.version_r)
 *(.rel.init)
 *(.rela.init)
 *(.rel.text .rel.text.* .rel.gnu.linkonce.t.*)
 *(.rela.text .rela.text.* .rela.gnu.linkonce.t.*)
 *(.rel.fini)
 *(.rela.fini)
 *(.rel.rodata .rel.rodata.* .rel.gnu.linkonce.r.*)
 *(.rela.rodata .rela.rodata.* .rela.gnu.linkonce.r.*)
 *(.rel.data .rel.data.* .rel.gnu.linkonce.d.*)
 *(.rela.data .rela.data.* .rela.gnu.linkonce.d.*)
 *(.rel.tdata .rel.tdata.* .rel.gnu.linkonce.td.*)
 *(.rela.tdata .rela.tdata.* .rela.gnu.linkonce.td.*)
 *(.rel.tbss .rel.tbss.* .rel.gnu.linkonce.tb.*)
 *(.rela.tbss .rela.tbss.* .rela.gnu.linkonce.tb.*)
 *(.rel.ctors)
 *(.rela.ctors)
 *(.rel.dtors)
 *(.rela.dtors)
 *(.rel.got)
 *(.rela.got)
 *(.rel.sdata .rel.sdata.* .rel.gnu.linkonce.s.*)
 *(.rela.sdata .rela.sdata.* .rela.gnu.linkonce.s.*)
 *(.rel.sbss .rel.sbss.* .rel.gnu.linkonce.sb.*)
 *(.rela.sbss .rela.sbss.* .rela.gnu.linkonce.sb.*)
 *(.rel.sdata2 .rel.sdata2.* .rel.gnu.linkonce.s2.*)
 *(.rela.sdata2 .rela.sdata2.* .rela.gnu.linkonce.s2.*)
 *(.rel.sbss2 .rel.sbss2.* .rel.gnu.linkonce.sb2.*)
 *(.rela.sbss2 .rela.sbss2.* .rela.gnu.linkonce.sb2.*)
 *(.rel.bss .rel.bss.* .rel.gnu.linkonce.b.*)
 *(.rela.bss .rela.bss.* .rela.gnu.linkonce.b.*)
 *(.rel.plt)
 *(.rela.plt)
 *(.rel.dyn)
 *(.init)
 *(.plt)
 *(.text .stub .text.* .gnu.linkonce.t.*)
 .text          0x0000000000080240       0x4c ../lab3_bsp//obj/HAL/src/crt0.o
                0x0000000000080240                _start
 .text          0x000000000008028c      0x3d4 obj/default/lab3.o
                0x000000000008028c                main
                0x00000000000805ac                rx_ethernet_isr
 .text          0x0000000000080660       0xe4 ../lab3_bsp/\libhal_bsp.a(alt_load.o)
                0x00000000000806c4                alt_load
 .text          0x0000000000080744       0x78 ../lab3_bsp/\libhal_bsp.a(alt_main.o)
                0x0000000000080744                alt_main
 .text          0x00000000000807bc      0x228 ../lab3_bsp/\libhal_bsp.a(alt_printf.o)
                0x00000000000807bc                alt_printf
 .text          0x00000000000809e4       0x44 ../lab3_bsp/\libhal_bsp.a(alt_putchar.o)
                0x00000000000809e4                alt_putchar
 .text          0x0000000000080a28       0xdc ../lab3_bsp/\libhal_bsp.a(alt_sys_init.o)
                0x0000000000080a60                alt_irq_init
                0x0000000000080a94                alt_sys_init
 .text          0x0000000000080b04      0x164 ../lab3_bsp/\libhal_bsp.a(altera_avalon_jtag_uart_fd.o)
                0x0000000000080b04                altera_avalon_jtag_uart_read_fd
                0x0000000000080b64                altera_avalon_jtag_uart_write_fd
                0x0000000000080bc4                altera_avalon_jtag_uart_close_fd
                0x0000000000080c14                altera_avalon_jtag_uart_ioctl_fd
 .text          0x0000000000080c68      0x3d8 ../lab3_bsp/\libhal_bsp.a(altera_avalon_jtag_uart_init.o)
                0x0000000000080c68                altera_avalon_jtag_uart_init
                0x0000000000080fd8                altera_avalon_jtag_uart_close
 .text          0x0000000000081040       0xec ../lab3_bsp/\libhal_bsp.a(altera_avalon_jtag_uart_ioctl.o)
                0x0000000000081040                altera_avalon_jtag_uart_ioctl
 .text          0x000000000008112c      0x20c ../lab3_bsp/\libhal_bsp.a(altera_avalon_jtag_uart_read.o)
                0x000000000008112c                altera_avalon_jtag_uart_read
 .text          0x0000000000081338      0x218 ../lab3_bsp/\libhal_bsp.a(altera_avalon_jtag_uart_write.o)
                0x0000000000081338                altera_avalon_jtag_uart_write
 .text          0x0000000000081550      0xd70 ../lab3_bsp/\libhal_bsp.a(altera_avalon_sgdma.o)
                0x00000000000815a0                alt_avalon_sgdma_do_async_transfer
                0x00000000000816c4                alt_avalon_sgdma_do_sync_transfer
                0x00000000000817d4                alt_avalon_sgdma_construct_mem_to_mem_desc
                0x0000000000081844                alt_avalon_sgdma_construct_mem_to_mem_desc_burst
                0x00000000000818c4                alt_avalon_sgdma_construct_stream_to_mem_desc
                0x0000000000081920                alt_avalon_sgdma_construct_stream_to_mem_desc_burst
                0x0000000000081994                alt_avalon_sgdma_construct_mem_to_stream_desc
                0x0000000000081a0c                alt_avalon_sgdma_construct_mem_to_stream_desc_burst
                0x0000000000081a94                alt_avalon_sgdma_register_callback
                0x0000000000081ae4                alt_avalon_sgdma_start
                0x0000000000081b38                alt_avalon_sgdma_stop
                0x0000000000081b90                alt_avalon_sgdma_check_descriptor_status
                0x0000000000081bf4                alt_avalon_sgdma_open
                0x0000000000081c48                alt_avalon_sgdma_construct_descriptor
                0x0000000000081cd0                alt_avalon_sgdma_enable_desc_poll
                0x0000000000081d50                alt_avalon_sgdma_disable_desc_poll
                0x0000000000081db0                alt_avalon_sgdma_construct_descriptor_burst
                0x000000000008221c                alt_avalon_sgdma_init
 .text          0x00000000000822c0      0x140 ../lab3_bsp/\libhal_bsp.a(alt_alarm_start.o)
                0x00000000000822c0                alt_alarm_start
 .text          0x0000000000082400      0x120 ../lab3_bsp/\libhal_bsp.a(alt_close.o)
                0x0000000000082450                close
 .text          0x0000000000082520       0x74 ../lab3_bsp/\libhal_bsp.a(alt_dcache_flush.o)
                0x0000000000082520                alt_dcache_flush
 .text          0x0000000000082594       0x44 ../lab3_bsp/\libhal_bsp.a(alt_dcache_flush_all.o)
                0x0000000000082594                alt_dcache_flush_all
 .text          0x00000000000825d8       0x2c ../lab3_bsp/\libhal_bsp.a(alt_dev.o)
 .text          0x0000000000082604       0xf4 ../lab3_bsp/\libhal_bsp.a(alt_dev_llist_insert.o)
                0x0000000000082654                alt_dev_llist_insert
 .text          0x00000000000826f8       0x5c ../lab3_bsp/\libhal_bsp.a(alt_do_ctors.o)
                0x00000000000826f8                _do_ctors
 .text          0x0000000000082754       0x5c ../lab3_bsp/\libhal_bsp.a(alt_do_dtors.o)
                0x0000000000082754                _do_dtors
 .text          0x00000000000827b0        0x0 ../lab3_bsp/\libhal_bsp.a(alt_errno.o)
 .text          0x00000000000827b0       0x90 ../lab3_bsp/\libhal_bsp.a(alt_find_dev.o)
                0x00000000000827b0                alt_find_dev
 .text          0x0000000000082840       0x30 ../lab3_bsp/\libhal_bsp.a(alt_icache_flush_all.o)
                0x0000000000082840                alt_icache_flush_all
 .text          0x0000000000082870      0x1e0 ../lab3_bsp/\libhal_bsp.a(alt_iic.o)
                0x0000000000082870                alt_ic_isr_register
                0x00000000000828c0                alt_ic_irq_enable
                0x0000000000082960                alt_ic_irq_disable
                0x0000000000082a04                alt_ic_irq_enabled
 .text          0x0000000000082a50       0xf0 ../lab3_bsp/\libhal_bsp.a(alt_iic_isr_register.o)
                0x0000000000082a50                alt_iic_isr_register
 .text          0x0000000000082b40      0x138 ../lab3_bsp/\libhal_bsp.a(alt_io_redirect.o)
                0x0000000000082c00                alt_io_redirect
 .text          0x0000000000082c78        0x0 ../lab3_bsp/\libhal_bsp.a(alt_irq_entry.o)
 .text          0x0000000000082c78        0x0 ../lab3_bsp/\libhal_bsp.a(alt_irq_handler.o)
 .text          0x0000000000082c78        0x0 ../lab3_bsp/\libhal_bsp.a(alt_irq_vars.o)
 .text          0x0000000000082c78      0x274 ../lab3_bsp/\libhal_bsp.a(alt_open.o)
                0x0000000000082d94                open
 .text          0x0000000000082eec       0x60 ../lab3_bsp/\libhal_bsp.a(alt_release_fd.o)
                0x0000000000082eec                alt_release_fd
 .text          0x0000000000082f4c      0x19c ../lab3_bsp/\libhal_bsp.a(alt_tick.o)
                0x0000000000082f4c                alt_alarm_stop
                0x0000000000082fe4                alt_tick
 .text          0x00000000000830e8       0x20 ../lab3_bsp/\libhal_bsp.a(altera_nios2_gen2_irq.o)
                0x00000000000830e8                altera_nios2_gen2_irq_init
 .text          0x0000000000083108        0x0 ../lab3_bsp/\libhal_bsp.a(alt_exception_entry.o)
 .text          0x0000000000083108      0x114 ../lab3_bsp/\libhal_bsp.a(alt_find_file.o)
                0x0000000000083108                alt_find_file
 .text          0x000000000008321c       0xb4 ../lab3_bsp/\libhal_bsp.a(alt_get_fd.o)
                0x000000000008321c                alt_get_fd
 .text          0x00000000000832d0       0x8c ../lab3_bsp/\libhal_bsp.a(alt_icache_flush.o)
                0x00000000000832d0                alt_icache_flush
 .text          0x000000000008335c       0x9c ../lab3_bsp/\libhal_bsp.a(alt_instruction_exception_entry.o)
                0x000000000008335c                alt_exception_cause_generated_bad_addr
 .text          0x00000000000833f8       0x14 c:/altera/15.0/nios2eds/bin/gnu/h-x86_64-mingw32/bin/../lib/gcc/nios2-elf/4.9.1/../../../../../H-x86_64-mingw32/nios2-elf/lib\libc.a(lib_a-atexit.o)
                0x00000000000833f8                atexit
 .text          0x000000000008340c       0x38 c:/altera/15.0/nios2eds/bin/gnu/h-x86_64-mingw32/bin/../lib/gcc/nios2-elf/4.9.1/../../../../../H-x86_64-mingw32/nios2-elf/lib\libc.a(lib_a-exit.o)
                0x000000000008340c                exit
 .text          0x0000000000083444        0x0 c:/altera/15.0/nios2eds/bin/gnu/h-x86_64-mingw32/bin/../lib/gcc/nios2-elf/4.9.1/../../../../../H-x86_64-mingw32/nios2-elf/lib\libc.a(lib_a-impure.o)
 .text          0x0000000000083444        0x0 c:/altera/15.0/nios2eds/bin/gnu/h-x86_64-mingw32/bin/../lib/gcc/nios2-elf/4.9.1/../../../../../H-x86_64-mingw32/nios2-elf/lib\libc.a(lib_a-int_errno.o)
 .text          0x0000000000083444       0x7c c:/altera/15.0/nios2eds/bin/gnu/h-x86_64-mingw32/bin/../lib/gcc/nios2-elf/4.9.1/../../../../../H-x86_64-mingw32/nios2-elf/lib\libc.a(lib_a-memcmp.o)
                0x0000000000083444                memcmp
 .text          0x00000000000834c0      0x138 c:/altera/15.0/nios2eds/bin/gnu/h-x86_64-mingw32/bin/../lib/gcc/nios2-elf/4.9.1/../../../../../H-x86_64-mingw32/nios2-elf/lib\libc.a(lib_a-memcpy.o)
                0x00000000000834c0                memcpy
 .text          0x00000000000835f8      0x168 c:/altera/15.0/nios2eds/bin/gnu/h-x86_64-mingw32/bin/../lib/gcc/nios2-elf/4.9.1/../../../../../H-x86_64-mingw32/nios2-elf/lib\libc.a(lib_a-putc.o)
                0x00000000000835f8                _putc_r
                0x0000000000083698                putc
 .text          0x0000000000083760       0x98 c:/altera/15.0/nios2eds/bin/gnu/h-x86_64-mingw32/bin/../lib/gcc/nios2-elf/4.9.1/../../../../../H-x86_64-mingw32/nios2-elf/lib\libc.a(lib_a-strlen.o)
                0x0000000000083760                strlen
 .text          0x00000000000837f8      0x170 c:/altera/15.0/nios2eds/bin/gnu/h-x86_64-mingw32/bin/../lib/gcc/nios2-elf/4.9.1/../../../../../H-x86_64-mingw32/nios2-elf/lib\libc.a(lib_a-wbuf.o)
                0x00000000000837f8                __swbuf_r
                0x000000000008394c                __swbuf
 .text          0x0000000000083968      0x130 c:/altera/15.0/nios2eds/bin/gnu/h-x86_64-mingw32/bin/../lib/gcc/nios2-elf/4.9.1/../../../../../H-x86_64-mingw32/nios2-elf/lib\libc.a(lib_a-wsetup.o)
                0x0000000000083968                __swsetup_r
 .text          0x0000000000083a98      0x114 c:/altera/15.0/nios2eds/bin/gnu/h-x86_64-mingw32/bin/../lib/gcc/nios2-elf/4.9.1/../../../../../H-x86_64-mingw32/nios2-elf/lib\libc.a(lib_a-__atexit.o)
                0x0000000000083a98                __register_exitproc
 .text          0x0000000000083bac      0x194 c:/altera/15.0/nios2eds/bin/gnu/h-x86_64-mingw32/bin/../lib/gcc/nios2-elf/4.9.1/../../../../../H-x86_64-mingw32/nios2-elf/lib\libc.a(lib_a-__call_atexit.o)
                0x0000000000083bac                __call_exitprocs
 .text          0x0000000000083d40      0x258 c:/altera/15.0/nios2eds/bin/gnu/h-x86_64-mingw32/bin/../lib/gcc/nios2-elf/4.9.1/../../../../../H-x86_64-mingw32/nios2-elf/lib\libc.a(lib_a-fflush.o)
                0x0000000000083d40                _fflush_r
                0x0000000000083f68                fflush
 .text          0x0000000000083f98      0x3a0 c:/altera/15.0/nios2eds/bin/gnu/h-x86_64-mingw32/bin/../lib/gcc/nios2-elf/4.9.1/../../../../../H-x86_64-mingw32/nios2-elf/lib\libc.a(lib_a-findfp.o)
                0x0000000000083fa8                _cleanup_r
                0x0000000000084154                __sfmoreglue
                0x00000000000841b8                __sfp
                0x00000000000842d0                _cleanup
                0x00000000000842e8                __sinit
                0x00000000000842f8                __sfp_lock_acquire
                0x00000000000842fc                __sfp_lock_release
                0x0000000000084300                __sinit_lock_acquire
                0x0000000000084304                __sinit_lock_release
                0x0000000000084308                __fp_lock_all
                0x0000000000084320                __fp_unlock_all
 .text          0x0000000000084338      0x414 c:/altera/15.0/nios2eds/bin/gnu/h-x86_64-mingw32/bin/../lib/gcc/nios2-elf/4.9.1/../../../../../H-x86_64-mingw32/nios2-elf/lib\libc.a(lib_a-freer.o)
                0x0000000000084338                _malloc_trim_r
                0x000000000008445c                _free_r
 .text          0x000000000008474c      0x170 c:/altera/15.0/nios2eds/bin/gnu/h-x86_64-mingw32/bin/../lib/gcc/nios2-elf/4.9.1/../../../../../H-x86_64-mingw32/nios2-elf/lib\libc.a(lib_a-fwalk.o)
                0x000000000008474c                _fwalk
                0x0000000000084804                _fwalk_reent
 .text          0x00000000000848bc      0x1b8 c:/altera/15.0/nios2eds/bin/gnu/h-x86_64-mingw32/bin/../lib/gcc/nios2-elf/4.9.1/../../../../../H-x86_64-mingw32/nios2-elf/lib\libc.a(lib_a-makebuf.o)
                0x00000000000848bc                __smakebuf_r
 .text          0x0000000000084a74      0x7a8 c:/altera/15.0/nios2eds/bin/gnu/h-x86_64-mingw32/bin/../lib/gcc/nios2-elf/4.9.1/../../../../../H-x86_64-mingw32/nios2-elf/lib\libc.a(lib_a-mallocr.o)
                0x0000000000084a74                _malloc_r
 .text          0x000000000008521c      0x124 c:/altera/15.0/nios2eds/bin/gnu/h-x86_64-mingw32/bin/../lib/gcc/nios2-elf/4.9.1/../../../../../H-x86_64-mingw32/nios2-elf/lib\libc.a(lib_a-memset.o)
                0x000000000008521c                memset
 .text          0x0000000000085340       0x54 c:/altera/15.0/nios2eds/bin/gnu/h-x86_64-mingw32/bin/../lib/gcc/nios2-elf/4.9.1/../../../../../H-x86_64-mingw32/nios2-elf/lib\libc.a(lib_a-sbrkr.o)
                0x0000000000085340                _sbrk_r
 .text          0x0000000000085394      0x13c c:/altera/15.0/nios2eds/bin/gnu/h-x86_64-mingw32/bin/../lib/gcc/nios2-elf/4.9.1/../../../../../H-x86_64-mingw32/nios2-elf/lib\libc.a(lib_a-stdio.o)
                0x0000000000085394                __sread
                0x00000000000853e8                __seofread
                0x00000000000853f0                __swrite
                0x000000000008546c                __sseek
                0x00000000000854c8                __sclose
 .text          0x00000000000854d0       0x5c c:/altera/15.0/nios2eds/bin/gnu/h-x86_64-mingw32/bin/../lib/gcc/nios2-elf/4.9.1/../../../../../H-x86_64-mingw32/nios2-elf/lib\libc.a(lib_a-writer.o)
                0x00000000000854d0                _write_r
 .text          0x000000000008552c       0x54 c:/altera/15.0/nios2eds/bin/gnu/h-x86_64-mingw32/bin/../lib/gcc/nios2-elf/4.9.1/../../../../../H-x86_64-mingw32/nios2-elf/lib\libc.a(closer.o)
                0x000000000008552c                _close_r
 .text          0x0000000000085580      0x114 c:/altera/15.0/nios2eds/bin/gnu/h-x86_64-mingw32/bin/../lib/gcc/nios2-elf/4.9.1/../../../../../H-x86_64-mingw32/nios2-elf/lib\libc.a(lib_a-fclose.o)
                0x0000000000085580                _fclose_r
                0x0000000000085680                fclose
 .text          0x0000000000085694       0x58 c:/altera/15.0/nios2eds/bin/gnu/h-x86_64-mingw32/bin/../lib/gcc/nios2-elf/4.9.1/../../../../../H-x86_64-mingw32/nios2-elf/lib\libc.a(lib_a-fstatr.o)
                0x0000000000085694                _fstat_r
 .text          0x00000000000856ec       0x54 c:/altera/15.0/nios2eds/bin/gnu/h-x86_64-mingw32/bin/../lib/gcc/nios2-elf/4.9.1/../../../../../H-x86_64-mingw32/nios2-elf/lib\libc.a(lib_a-isattyr.o)
                0x00000000000856ec                _isatty_r
 .text          0x0000000000085740       0x5c c:/altera/15.0/nios2eds/bin/gnu/h-x86_64-mingw32/bin/../lib/gcc/nios2-elf/4.9.1/../../../../../H-x86_64-mingw32/nios2-elf/lib\libc.a(lib_a-lseekr.o)
                0x0000000000085740                _lseek_r
 .text          0x000000000008579c       0x5c c:/altera/15.0/nios2eds/bin/gnu/h-x86_64-mingw32/bin/../lib/gcc/nios2-elf/4.9.1/../../../../../H-x86_64-mingw32/nios2-elf/lib\libc.a(lib_a-readr.o)
                0x000000000008579c                _read_r
 .text          0x00000000000857f8       0x34 ../lab3_bsp/\libhal_bsp.a(alt_exit.o)
                0x00000000000857f8                _exit
 .text          0x000000000008582c      0x100 ../lab3_bsp/\libhal_bsp.a(alt_fstat.o)
                0x000000000008587c                fstat
 .text          0x000000000008592c       0xf4 ../lab3_bsp/\libhal_bsp.a(alt_isatty.o)
                0x000000000008597c                isatty
 .text          0x0000000000085a20      0x124 ../lab3_bsp/\libhal_bsp.a(alt_lseek.o)
                0x0000000000085a70                lseek
 .text          0x0000000000085b44       0x40 ../lab3_bsp/\libhal_bsp.a(alt_malloc_lock.o)
                0x0000000000085b44                __malloc_lock
                0x0000000000085b64                __malloc_unlock
 .text          0x0000000000085b84      0x14c ../lab3_bsp/\libhal_bsp.a(alt_read.o)
                0x0000000000085bd4                read
 .text          0x0000000000085cd0       0xb0 ../lab3_bsp/\libhal_bsp.a(alt_sbrk.o)
                0x0000000000085cd0                sbrk
 .text          0x0000000000085d80      0x148 ../lab3_bsp/\libhal_bsp.a(alt_write.o)
                0x0000000000085dd0                write
 *(.gnu.warning.*)
 *(.fini)
                0x0000000000085ec8                PROVIDE (__etext, ABSOLUTE (.))
                0x0000000000085ec8                PROVIDE (_etext, ABSOLUTE (.))
                0x0000000000085ec8                PROVIDE (etext, ABSOLUTE (.))
 *(.eh_frame_hdr)
                0x0000000000085ec8                . = ALIGN (0x4)
                0x0000000000085ec8                PROVIDE (__preinit_array_start, ABSOLUTE (.))
 *(.preinit_array)
                0x0000000000085ec8                PROVIDE (__preinit_array_end, ABSOLUTE (.))
                0x0000000000085ec8                PROVIDE (__init_array_start, ABSOLUTE (.))
 *(.init_array)
                0x0000000000085ec8                PROVIDE (__init_array_end, ABSOLUTE (.))
                0x0000000000085ec8                PROVIDE (__fini_array_start, ABSOLUTE (.))
 *(.fini_array)
                0x0000000000085ec8                PROVIDE (__fini_array_end, ABSOLUTE (.))
 *(.eh_frame)
 *(.gcc_except_table .gcc_except_table.*)
 *(.dynamic)
                0x0000000000085ec8                PROVIDE (__CTOR_LIST__, ABSOLUTE (.))
 *(.ctors)
 *(SORT(.ctors.*))
                0x0000000000085ec8                PROVIDE (__CTOR_END__, ABSOLUTE (.))
                0x0000000000085ec8                PROVIDE (__DTOR_LIST__, ABSOLUTE (.))
 *(.dtors)
 *(SORT(.dtors.*))
                0x0000000000085ec8                PROVIDE (__DTOR_END__, ABSOLUTE (.))
 *(.jcr)
                0x0000000000085ec8                . = ALIGN (0x4)

.rodata         0x0000000000085ec8      0x17c
                0x0000000000085ec8                PROVIDE (__ram_rodata_start, ABSOLUTE (.))
                0x0000000000085ec8                . = ALIGN (0x4)
 *(.rodata .rodata.* .gnu.linkonce.r.*)
 .rodata        0x0000000000085ec8      0x12c obj/default/lab3.o
 .rodata        0x0000000000085ff4       0x10 ../lab3_bsp/\libhal_bsp.a(alt_main.o)
 .rodata        0x0000000000086004       0x30 ../lab3_bsp/\libhal_bsp.a(alt_sys_init.o)
 .rodata        0x0000000000086034        0xc ../lab3_bsp/\libhal_bsp.a(alt_dev.o)
 .rodata.str1.4
                0x0000000000086040        0x4 c:/altera/15.0/nios2eds/bin/gnu/h-x86_64-mingw32/bin/../lib/gcc/nios2-elf/4.9.1/../../../../../H-x86_64-mingw32/nios2-elf/lib\libc.a(lib_a-impure.o)
 *(.rodata1)
                0x0000000000086044                . = ALIGN (0x4)
                0x0000000000086044                PROVIDE (__ram_rodata_end, ABSOLUTE (.))
                0x0000000000085ec8                PROVIDE (__flash_rodata_start, LOADADDR (.rodata))

.rwdata         0x0000000000086044     0x1ad4 load address 0x0000000000087b18
                0x0000000000086044                PROVIDE (__ram_rwdata_start, ABSOLUTE (.))
                0x0000000000086044                . = ALIGN (0x4)
 *(.got.plt)
 *(.got)
 *(.data1)
 *(.data .data.* .gnu.linkonce.d.*)
 .data          0x0000000000086044        0x0 ../lab3_bsp//obj/HAL/src/crt0.o
 .data          0x0000000000086044        0x0 obj/default/lab3.o
 .data          0x0000000000086044        0x0 ../lab3_bsp/\libhal_bsp.a(alt_load.o)
 .data          0x0000000000086044        0x0 ../lab3_bsp/\libhal_bsp.a(alt_main.o)
 .data          0x0000000000086044        0x0 ../lab3_bsp/\libhal_bsp.a(alt_printf.o)
 .data          0x0000000000086044        0x0 ../lab3_bsp/\libhal_bsp.a(alt_putchar.o)
 .data          0x0000000000086044     0x10c0 ../lab3_bsp/\libhal_bsp.a(alt_sys_init.o)
 .data          0x0000000000087104        0x0 ../lab3_bsp/\libhal_bsp.a(altera_avalon_jtag_uart_fd.o)
 .data          0x0000000000087104        0x0 ../lab3_bsp/\libhal_bsp.a(altera_avalon_jtag_uart_init.o)
 .data          0x0000000000087104        0x0 ../lab3_bsp/\libhal_bsp.a(altera_avalon_jtag_uart_ioctl.o)
 .data          0x0000000000087104        0x0 ../lab3_bsp/\libhal_bsp.a(altera_avalon_jtag_uart_read.o)
 .data          0x0000000000087104        0x0 ../lab3_bsp/\libhal_bsp.a(altera_avalon_jtag_uart_write.o)
 .data          0x0000000000087104        0x0 ../lab3_bsp/\libhal_bsp.a(altera_avalon_sgdma.o)
 .data          0x0000000000087104        0x0 ../lab3_bsp/\libhal_bsp.a(alt_alarm_start.o)
 .data          0x0000000000087104        0x0 ../lab3_bsp/\libhal_bsp.a(alt_close.o)
 .data          0x0000000000087104        0x0 ../lab3_bsp/\libhal_bsp.a(alt_dcache_flush.o)
 .data          0x0000000000087104        0x0 ../lab3_bsp/\libhal_bsp.a(alt_dcache_flush_all.o)
 .data          0x0000000000087104      0x1a8 ../lab3_bsp/\libhal_bsp.a(alt_dev.o)
                0x0000000000087104                alt_dev_null
                0x000000000008712c                alt_fd_list
 .data          0x00000000000872ac        0x0 ../lab3_bsp/\libhal_bsp.a(alt_dev_llist_insert.o)
 .data          0x00000000000872ac        0x0 ../lab3_bsp/\libhal_bsp.a(alt_do_ctors.o)
 .data          0x00000000000872ac        0x0 ../lab3_bsp/\libhal_bsp.a(alt_do_dtors.o)
 .data          0x00000000000872ac        0x0 ../lab3_bsp/\libhal_bsp.a(alt_errno.o)
 .data          0x00000000000872ac        0x0 ../lab3_bsp/\libhal_bsp.a(alt_find_dev.o)
 .data          0x00000000000872ac        0x0 ../lab3_bsp/\libhal_bsp.a(alt_icache_flush_all.o)
 .data          0x00000000000872ac        0x0 ../lab3_bsp/\libhal_bsp.a(alt_iic.o)
 .data          0x00000000000872ac        0x0 ../lab3_bsp/\libhal_bsp.a(alt_iic_isr_register.o)
 .data          0x00000000000872ac        0x0 ../lab3_bsp/\libhal_bsp.a(alt_io_redirect.o)
 .data          0x00000000000872ac        0x0 ../lab3_bsp/\libhal_bsp.a(alt_irq_entry.o)
 .data          0x00000000000872ac        0x0 ../lab3_bsp/\libhal_bsp.a(alt_irq_handler.o)
 .data          0x00000000000872ac        0x0 ../lab3_bsp/\libhal_bsp.a(alt_irq_vars.o)
 .data          0x00000000000872ac        0x0 ../lab3_bsp/\libhal_bsp.a(alt_open.o)
 .data          0x00000000000872ac        0x0 ../lab3_bsp/\libhal_bsp.a(alt_release_fd.o)
 .data          0x00000000000872ac        0x0 ../lab3_bsp/\libhal_bsp.a(alt_tick.o)
 .data          0x00000000000872ac        0x0 ../lab3_bsp/\libhal_bsp.a(altera_nios2_gen2_irq.o)
 .data          0x00000000000872ac        0x0 ../lab3_bsp/\libhal_bsp.a(alt_exception_entry.o)
 .data          0x00000000000872ac        0x0 ../lab3_bsp/\libhal_bsp.a(alt_find_file.o)
 .data          0x00000000000872ac        0x0 ../lab3_bsp/\libhal_bsp.a(alt_get_fd.o)
 .data          0x00000000000872ac        0x0 ../lab3_bsp/\libhal_bsp.a(alt_icache_flush.o)
 .data          0x00000000000872ac        0x0 ../lab3_bsp/\libhal_bsp.a(alt_instruction_exception_entry.o)
 .data          0x00000000000872ac        0x0 c:/altera/15.0/nios2eds/bin/gnu/h-x86_64-mingw32/bin/../lib/gcc/nios2-elf/4.9.1/../../../../../H-x86_64-mingw32/nios2-elf/lib\libc.a(lib_a-atexit.o)
 .data          0x00000000000872ac        0x0 c:/altera/15.0/nios2eds/bin/gnu/h-x86_64-mingw32/bin/../lib/gcc/nios2-elf/4.9.1/../../../../../H-x86_64-mingw32/nios2-elf/lib\libc.a(lib_a-exit.o)
 .data          0x00000000000872ac      0x424 c:/altera/15.0/nios2eds/bin/gnu/h-x86_64-mingw32/bin/../lib/gcc/nios2-elf/4.9.1/../../../../../H-x86_64-mingw32/nios2-elf/lib\libc.a(lib_a-impure.o)
 .data          0x00000000000876d0        0x0 c:/altera/15.0/nios2eds/bin/gnu/h-x86_64-mingw32/bin/../lib/gcc/nios2-elf/4.9.1/../../../../../H-x86_64-mingw32/nios2-elf/lib\libc.a(lib_a-int_errno.o)
 .data          0x00000000000876d0        0x0 c:/altera/15.0/nios2eds/bin/gnu/h-x86_64-mingw32/bin/../lib/gcc/nios2-elf/4.9.1/../../../../../H-x86_64-mingw32/nios2-elf/lib\libc.a(lib_a-memcmp.o)
 .data          0x00000000000876d0        0x0 c:/altera/15.0/nios2eds/bin/gnu/h-x86_64-mingw32/bin/../lib/gcc/nios2-elf/4.9.1/../../../../../H-x86_64-mingw32/nios2-elf/lib\libc.a(lib_a-memcpy.o)
 .data          0x00000000000876d0        0x0 c:/altera/15.0/nios2eds/bin/gnu/h-x86_64-mingw32/bin/../lib/gcc/nios2-elf/4.9.1/../../../../../H-x86_64-mingw32/nios2-elf/lib\libc.a(lib_a-putc.o)
 .data          0x00000000000876d0        0x0 c:/altera/15.0/nios2eds/bin/gnu/h-x86_64-mingw32/bin/../lib/gcc/nios2-elf/4.9.1/../../../../../H-x86_64-mingw32/nios2-elf/lib\libc.a(lib_a-strlen.o)
 .data          0x00000000000876d0        0x0 c:/altera/15.0/nios2eds/bin/gnu/h-x86_64-mingw32/bin/../lib/gcc/nios2-elf/4.9.1/../../../../../H-x86_64-mingw32/nios2-elf/lib\libc.a(lib_a-wbuf.o)
 .data          0x00000000000876d0        0x0 c:/altera/15.0/nios2eds/bin/gnu/h-x86_64-mingw32/bin/../lib/gcc/nios2-elf/4.9.1/../../../../../H-x86_64-mingw32/nios2-elf/lib\libc.a(lib_a-wsetup.o)
 .data          0x00000000000876d0        0x0 c:/altera/15.0/nios2eds/bin/gnu/h-x86_64-mingw32/bin/../lib/gcc/nios2-elf/4.9.1/../../../../../H-x86_64-mingw32/nios2-elf/lib\libc.a(lib_a-__atexit.o)
 .data          0x00000000000876d0        0x0 c:/altera/15.0/nios2eds/bin/gnu/h-x86_64-mingw32/bin/../lib/gcc/nios2-elf/4.9.1/../../../../../H-x86_64-mingw32/nios2-elf/lib\libc.a(lib_a-__call_atexit.o)
 .data          0x00000000000876d0        0x0 c:/altera/15.0/nios2eds/bin/gnu/h-x86_64-mingw32/bin/../lib/gcc/nios2-elf/4.9.1/../../../../../H-x86_64-mingw32/nios2-elf/lib\libc.a(lib_a-fflush.o)
 .data          0x00000000000876d0        0x0 c:/altera/15.0/nios2eds/bin/gnu/h-x86_64-mingw32/bin/../lib/gcc/nios2-elf/4.9.1/../../../../../H-x86_64-mingw32/nios2-elf/lib\libc.a(lib_a-findfp.o)
 .data          0x00000000000876d0        0x0 c:/altera/15.0/nios2eds/bin/gnu/h-x86_64-mingw32/bin/../lib/gcc/nios2-elf/4.9.1/../../../../../H-x86_64-mingw32/nios2-elf/lib\libc.a(lib_a-freer.o)
 .data          0x00000000000876d0        0x0 c:/altera/15.0/nios2eds/bin/gnu/h-x86_64-mingw32/bin/../lib/gcc/nios2-elf/4.9.1/../../../../../H-x86_64-mingw32/nios2-elf/lib\libc.a(lib_a-fwalk.o)
 .data          0x00000000000876d0        0x0 c:/altera/15.0/nios2eds/bin/gnu/h-x86_64-mingw32/bin/../lib/gcc/nios2-elf/4.9.1/../../../../../H-x86_64-mingw32/nios2-elf/lib\libc.a(lib_a-makebuf.o)
 .data          0x00000000000876d0      0x408 c:/altera/15.0/nios2eds/bin/gnu/h-x86_64-mingw32/bin/../lib/gcc/nios2-elf/4.9.1/../../../../../H-x86_64-mingw32/nios2-elf/lib\libc.a(lib_a-mallocr.o)
                0x00000000000876d0                __malloc_av_
 .data          0x0000000000087ad8        0x0 c:/altera/15.0/nios2eds/bin/gnu/h-x86_64-mingw32/bin/../lib/gcc/nios2-elf/4.9.1/../../../../../H-x86_64-mingw32/nios2-elf/lib\libc.a(lib_a-memset.o)
 .data          0x0000000000087ad8        0x0 c:/altera/15.0/nios2eds/bin/gnu/h-x86_64-mingw32/bin/../lib/gcc/nios2-elf/4.9.1/../../../../../H-x86_64-mingw32/nios2-elf/lib\libc.a(lib_a-sbrkr.o)
 .data          0x0000000000087ad8        0x0 c:/altera/15.0/nios2eds/bin/gnu/h-x86_64-mingw32/bin/../lib/gcc/nios2-elf/4.9.1/../../../../../H-x86_64-mingw32/nios2-elf/lib\libc.a(lib_a-stdio.o)
 .data          0x0000000000087ad8        0x0 c:/altera/15.0/nios2eds/bin/gnu/h-x86_64-mingw32/bin/../lib/gcc/nios2-elf/4.9.1/../../../../../H-x86_64-mingw32/nios2-elf/lib\libc.a(lib_a-writer.o)
 .data          0x0000000000087ad8        0x0 c:/altera/15.0/nios2eds/bin/gnu/h-x86_64-mingw32/bin/../lib/gcc/nios2-elf/4.9.1/../../../../../H-x86_64-mingw32/nios2-elf/lib\libc.a(closer.o)
 .data          0x0000000000087ad8        0x0 c:/altera/15.0/nios2eds/bin/gnu/h-x86_64-mingw32/bin/../lib/gcc/nios2-elf/4.9.1/../../../../../H-x86_64-mingw32/nios2-elf/lib\libc.a(lib_a-fclose.o)
 .data          0x0000000000087ad8        0x0 c:/altera/15.0/nios2eds/bin/gnu/h-x86_64-mingw32/bin/../lib/gcc/nios2-elf/4.9.1/../../../../../H-x86_64-mingw32/nios2-elf/lib\libc.a(lib_a-fstatr.o)
 .data          0x0000000000087ad8        0x0 c:/altera/15.0/nios2eds/bin/gnu/h-x86_64-mingw32/bin/../lib/gcc/nios2-elf/4.9.1/../../../../../H-x86_64-mingw32/nios2-elf/lib\libc.a(lib_a-isattyr.o)
 .data          0x0000000000087ad8        0x0 c:/altera/15.0/nios2eds/bin/gnu/h-x86_64-mingw32/bin/../lib/gcc/nios2-elf/4.9.1/../../../../../H-x86_64-mingw32/nios2-elf/lib\libc.a(lib_a-lseekr.o)
 .data          0x0000000000087ad8        0x0 c:/altera/15.0/nios2eds/bin/gnu/h-x86_64-mingw32/bin/../lib/gcc/nios2-elf/4.9.1/../../../../../H-x86_64-mingw32/nios2-elf/lib\libc.a(lib_a-readr.o)
 .data          0x0000000000087ad8        0x0 ../lab3_bsp/\libhal_bsp.a(alt_exit.o)
 .data          0x0000000000087ad8        0x0 ../lab3_bsp/\libhal_bsp.a(alt_fstat.o)
 .data          0x0000000000087ad8        0x0 ../lab3_bsp/\libhal_bsp.a(alt_isatty.o)
 .data          0x0000000000087ad8        0x0 ../lab3_bsp/\libhal_bsp.a(alt_lseek.o)
 .data          0x0000000000087ad8        0x0 ../lab3_bsp/\libhal_bsp.a(alt_malloc_lock.o)
 .data          0x0000000000087ad8        0x0 ../lab3_bsp/\libhal_bsp.a(alt_read.o)
 .data          0x0000000000087ad8        0x0 ../lab3_bsp/\libhal_bsp.a(alt_sbrk.o)
 .data          0x0000000000087ad8        0x0 ../lab3_bsp/\libhal_bsp.a(alt_write.o)
                0x000000000008fad8                _gp = ABSOLUTE ((. + 0x8000))
                0x000000000008fad8                PROVIDE (gp, _gp)
 *(.rwdata .rwdata.*)
 *(.sdata .sdata.* .gnu.linkonce.s.*)
 .sdata         0x0000000000087ad8        0x8 ../lab3_bsp/\libhal_bsp.a(altera_avalon_sgdma.o)
                0x0000000000087ad8                alt_sgdma_list
 .sdata         0x0000000000087ae0       0x14 ../lab3_bsp/\libhal_bsp.a(alt_dev.o)
                0x0000000000087ae0                alt_fs_list
                0x0000000000087ae8                alt_dev_list
                0x0000000000087af0                alt_max_fd
 .sdata         0x0000000000087af4        0x4 ../lab3_bsp/\libhal_bsp.a(alt_errno.o)
                0x0000000000087af4                alt_errno
 .sdata         0x0000000000087af8        0x4 ../lab3_bsp/\libhal_bsp.a(alt_irq_vars.o)
                0x0000000000087af8                alt_priority_mask
 .sdata         0x0000000000087afc        0x8 ../lab3_bsp/\libhal_bsp.a(alt_tick.o)
                0x0000000000087afc                alt_alarm_list
 .sdata         0x0000000000087b04        0x8 c:/altera/15.0/nios2eds/bin/gnu/h-x86_64-mingw32/bin/../lib/gcc/nios2-elf/4.9.1/../../../../../H-x86_64-mingw32/nios2-elf/lib\libc.a(lib_a-impure.o)
                0x0000000000087b04                _global_impure_ptr
                0x0000000000087b08                _impure_ptr
 .sdata         0x0000000000087b0c        0x8 c:/altera/15.0/nios2eds/bin/gnu/h-x86_64-mingw32/bin/../lib/gcc/nios2-elf/4.9.1/../../../../../H-x86_64-mingw32/nios2-elf/lib\libc.a(lib_a-mallocr.o)
                0x0000000000087b0c                __malloc_sbrk_base
                0x0000000000087b10                __malloc_trim_threshold
 .sdata         0x0000000000087b14        0x4 ../lab3_bsp/\libhal_bsp.a(alt_sbrk.o)
 *(.sdata2 .sdata2.* .gnu.linkonce.s2.*)
                0x0000000000087b18                . = ALIGN (0x4)
                0x0000000000087b18                _edata = ABSOLUTE (.)
                0x0000000000087b18                PROVIDE (edata, ABSOLUTE (.))
                0x0000000000087b18                PROVIDE (__ram_rwdata_end, ABSOLUTE (.))
                0x0000000000087b18                PROVIDE (__flash_rwdata_start, LOADADDR (.rwdata))

.bss            0x00000000000895ec      0x564
                0x00000000000895ec                __bss_start = ABSOLUTE (.)
                0x00000000000895ec                PROVIDE (__sbss_start, ABSOLUTE (.))
                0x00000000000895ec                PROVIDE (___sbss_start, ABSOLUTE (.))
 *(.dynsbss)
 *(.sbss .sbss.* .gnu.linkonce.sb.*)
 .sbss          0x00000000000895ec        0x4 obj/default/lab3.o
                0x00000000000895ec                in
 .sbss          0x00000000000895f0        0xc obj/default/lab3.o
                0x00000000000895f0                print
                0x00000000000895f4                sgdma_tx_dev
                0x00000000000895f8                sgdma_rx_dev
 .sbss          0x00000000000895fc        0xc ../lab3_bsp/\libhal_bsp.a(alt_main.o)
                0x00000000000895fc                alt_argc
                0x0000000000089600                alt_argv
                0x0000000000089604                alt_envp
 .sbss          0x0000000000089608        0x4 ../lab3_bsp/\libhal_bsp.a(alt_irq_vars.o)
                0x0000000000089608                alt_irq_active
 .sbss          0x000000000008960c        0x8 ../lab3_bsp/\libhal_bsp.a(alt_tick.o)
                0x000000000008960c                _alt_tick_rate
                0x0000000000089610                _alt_nticks
 .sbss          0x0000000000089614        0x4 ../lab3_bsp/\libhal_bsp.a(alt_instruction_exception_entry.o)
                0x0000000000089614                alt_instruction_exception_handler
 .sbss          0x0000000000089618        0x4 c:/altera/15.0/nios2eds/bin/gnu/h-x86_64-mingw32/bin/../lib/gcc/nios2-elf/4.9.1/../../../../../H-x86_64-mingw32/nios2-elf/lib\libc.a(lib_a-int_errno.o)
                0x0000000000089618                errno
 .sbss          0x000000000008961c        0xc c:/altera/15.0/nios2eds/bin/gnu/h-x86_64-mingw32/bin/../lib/gcc/nios2-elf/4.9.1/../../../../../H-x86_64-mingw32/nios2-elf/lib\libc.a(lib_a-mallocr.o)
                0x000000000008961c                __malloc_max_total_mem
                0x0000000000089620                __malloc_max_sbrked_mem
                0x0000000000089624                __malloc_top_pad
 *(.sbss2 .sbss2.* .gnu.linkonce.sb2.*)
 *(.scommon)
                0x0000000000089628                PROVIDE (__sbss_end, ABSOLUTE (.))
                0x0000000000089628                PROVIDE (___sbss_end, ABSOLUTE (.))
 *(.dynbss)
 *(.bss .bss.* .gnu.linkonce.b.*)
 .bss           0x0000000000089628        0x0 ../lab3_bsp//obj/HAL/src/crt0.o
 .bss           0x0000000000089628      0x400 obj/default/lab3.o
                0x0000000000089628                rx_frame
 .bss           0x0000000000089a28        0x0 ../lab3_bsp/\libhal_bsp.a(alt_load.o)
 .bss           0x0000000000089a28        0x0 ../lab3_bsp/\libhal_bsp.a(alt_main.o)
 .bss           0x0000000000089a28        0x0 ../lab3_bsp/\libhal_bsp.a(alt_printf.o)
 .bss           0x0000000000089a28        0x0 ../lab3_bsp/\libhal_bsp.a(alt_putchar.o)
 .bss           0x0000000000089a28        0x0 ../lab3_bsp/\libhal_bsp.a(alt_sys_init.o)
 .bss           0x0000000000089a28        0x0 ../lab3_bsp/\libhal_bsp.a(altera_avalon_jtag_uart_fd.o)
 .bss           0x0000000000089a28        0x0 ../lab3_bsp/\libhal_bsp.a(altera_avalon_jtag_uart_init.o)
 .bss           0x0000000000089a28        0x0 ../lab3_bsp/\libhal_bsp.a(altera_avalon_jtag_uart_ioctl.o)
 .bss           0x0000000000089a28        0x0 ../lab3_bsp/\libhal_bsp.a(altera_avalon_jtag_uart_read.o)
 .bss           0x0000000000089a28        0x0 ../lab3_bsp/\libhal_bsp.a(altera_avalon_jtag_uart_write.o)
 .bss           0x0000000000089a28        0x0 ../lab3_bsp/\libhal_bsp.a(altera_avalon_sgdma.o)
 .bss           0x0000000000089a28        0x0 ../lab3_bsp/\libhal_bsp.a(alt_alarm_start.o)
 .bss           0x0000000000089a28        0x0 ../lab3_bsp/\libhal_bsp.a(alt_close.o)
 .bss           0x0000000000089a28        0x0 ../lab3_bsp/\libhal_bsp.a(alt_dcache_flush.o)
 .bss           0x0000000000089a28        0x0 ../lab3_bsp/\libhal_bsp.a(alt_dcache_flush_all.o)
 .bss           0x0000000000089a28        0x0 ../lab3_bsp/\libhal_bsp.a(alt_dev.o)
 .bss           0x0000000000089a28        0x0 ../lab3_bsp/\libhal_bsp.a(alt_dev_llist_insert.o)
 .bss           0x0000000000089a28        0x0 ../lab3_bsp/\libhal_bsp.a(alt_do_ctors.o)
 .bss           0x0000000000089a28        0x0 ../lab3_bsp/\libhal_bsp.a(alt_do_dtors.o)
 .bss           0x0000000000089a28        0x0 ../lab3_bsp/\libhal_bsp.a(alt_errno.o)
 .bss           0x0000000000089a28        0x0 ../lab3_bsp/\libhal_bsp.a(alt_find_dev.o)
 .bss           0x0000000000089a28        0x0 ../lab3_bsp/\libhal_bsp.a(alt_icache_flush_all.o)
 .bss           0x0000000000089a28        0x0 ../lab3_bsp/\libhal_bsp.a(alt_iic.o)
 .bss           0x0000000000089a28        0x0 ../lab3_bsp/\libhal_bsp.a(alt_iic_isr_register.o)
 .bss           0x0000000000089a28        0x0 ../lab3_bsp/\libhal_bsp.a(alt_io_redirect.o)
 .bss           0x0000000000089a28        0x0 ../lab3_bsp/\libhal_bsp.a(alt_irq_entry.o)
 .bss           0x0000000000089a28        0x0 ../lab3_bsp/\libhal_bsp.a(alt_irq_handler.o)
 .bss           0x0000000000089a28        0x0 ../lab3_bsp/\libhal_bsp.a(alt_irq_vars.o)
 .bss           0x0000000000089a28        0x0 ../lab3_bsp/\libhal_bsp.a(alt_open.o)
 .bss           0x0000000000089a28        0x0 ../lab3_bsp/\libhal_bsp.a(alt_release_fd.o)
 .bss           0x0000000000089a28        0x0 ../lab3_bsp/\libhal_bsp.a(alt_tick.o)
 .bss           0x0000000000089a28        0x0 ../lab3_bsp/\libhal_bsp.a(altera_nios2_gen2_irq.o)
 .bss           0x0000000000089a28        0x0 ../lab3_bsp/\libhal_bsp.a(alt_exception_entry.o)
 .bss           0x0000000000089a28        0x0 ../lab3_bsp/\libhal_bsp.a(alt_find_file.o)
 .bss           0x0000000000089a28        0x0 ../lab3_bsp/\libhal_bsp.a(alt_get_fd.o)
 .bss           0x0000000000089a28        0x0 ../lab3_bsp/\libhal_bsp.a(alt_icache_flush.o)
 .bss           0x0000000000089a28        0x0 ../lab3_bsp/\libhal_bsp.a(alt_instruction_exception_entry.o)
 .bss           0x0000000000089a28        0x0 c:/altera/15.0/nios2eds/bin/gnu/h-x86_64-mingw32/bin/../lib/gcc/nios2-elf/4.9.1/../../../../../H-x86_64-mingw32/nios2-elf/lib\libc.a(lib_a-atexit.o)
 .bss           0x0000000000089a28        0x0 c:/altera/15.0/nios2eds/bin/gnu/h-x86_64-mingw32/bin/../lib/gcc/nios2-elf/4.9.1/../../../../../H-x86_64-mingw32/nios2-elf/lib\libc.a(lib_a-exit.o)
 .bss           0x0000000000089a28        0x0 c:/altera/15.0/nios2eds/bin/gnu/h-x86_64-mingw32/bin/../lib/gcc/nios2-elf/4.9.1/../../../../../H-x86_64-mingw32/nios2-elf/lib\libc.a(lib_a-impure.o)
 .bss           0x0000000000089a28        0x0 c:/altera/15.0/nios2eds/bin/gnu/h-x86_64-mingw32/bin/../lib/gcc/nios2-elf/4.9.1/../../../../../H-x86_64-mingw32/nios2-elf/lib\libc.a(lib_a-int_errno.o)
 .bss           0x0000000000089a28        0x0 c:/altera/15.0/nios2eds/bin/gnu/h-x86_64-mingw32/bin/../lib/gcc/nios2-elf/4.9.1/../../../../../H-x86_64-mingw32/nios2-elf/lib\libc.a(lib_a-memcmp.o)
 .bss           0x0000000000089a28        0x0 c:/altera/15.0/nios2eds/bin/gnu/h-x86_64-mingw32/bin/../lib/gcc/nios2-elf/4.9.1/../../../../../H-x86_64-mingw32/nios2-elf/lib\libc.a(lib_a-memcpy.o)
 .bss           0x0000000000089a28        0x0 c:/altera/15.0/nios2eds/bin/gnu/h-x86_64-mingw32/bin/../lib/gcc/nios2-elf/4.9.1/../../../../../H-x86_64-mingw32/nios2-elf/lib\libc.a(lib_a-putc.o)
 .bss           0x0000000000089a28        0x0 c:/altera/15.0/nios2eds/bin/gnu/h-x86_64-mingw32/bin/../lib/gcc/nios2-elf/4.9.1/../../../../../H-x86_64-mingw32/nios2-elf/lib\libc.a(lib_a-strlen.o)
 .bss           0x0000000000089a28        0x0 c:/altera/15.0/nios2eds/bin/gnu/h-x86_64-mingw32/bin/../lib/gcc/nios2-elf/4.9.1/../../../../../H-x86_64-mingw32/nios2-elf/lib\libc.a(lib_a-wbuf.o)
 .bss           0x0000000000089a28        0x0 c:/altera/15.0/nios2eds/bin/gnu/h-x86_64-mingw32/bin/../lib/gcc/nios2-elf/4.9.1/../../../../../H-x86_64-mingw32/nios2-elf/lib\libc.a(lib_a-wsetup.o)
 .bss           0x0000000000089a28        0x0 c:/altera/15.0/nios2eds/bin/gnu/h-x86_64-mingw32/bin/../lib/gcc/nios2-elf/4.9.1/../../../../../H-x86_64-mingw32/nios2-elf/lib\libc.a(lib_a-__atexit.o)
 .bss           0x0000000000089a28        0x0 c:/altera/15.0/nios2eds/bin/gnu/h-x86_64-mingw32/bin/../lib/gcc/nios2-elf/4.9.1/../../../../../H-x86_64-mingw32/nios2-elf/lib\libc.a(lib_a-__call_atexit.o)
 .bss           0x0000000000089a28        0x0 c:/altera/15.0/nios2eds/bin/gnu/h-x86_64-mingw32/bin/../lib/gcc/nios2-elf/4.9.1/../../../../../H-x86_64-mingw32/nios2-elf/lib\libc.a(lib_a-fflush.o)
 .bss           0x0000000000089a28        0x0 c:/altera/15.0/nios2eds/bin/gnu/h-x86_64-mingw32/bin/../lib/gcc/nios2-elf/4.9.1/../../../../../H-x86_64-mingw32/nios2-elf/lib\libc.a(lib_a-findfp.o)
 .bss           0x0000000000089a28        0x0 c:/altera/15.0/nios2eds/bin/gnu/h-x86_64-mingw32/bin/../lib/gcc/nios2-elf/4.9.1/../../../../../H-x86_64-mingw32/nios2-elf/lib\libc.a(lib_a-freer.o)
 .bss           0x0000000000089a28        0x0 c:/altera/15.0/nios2eds/bin/gnu/h-x86_64-mingw32/bin/../lib/gcc/nios2-elf/4.9.1/../../../../../H-x86_64-mingw32/nios2-elf/lib\libc.a(lib_a-fwalk.o)
 .bss           0x0000000000089a28        0x0 c:/altera/15.0/nios2eds/bin/gnu/h-x86_64-mingw32/bin/../lib/gcc/nios2-elf/4.9.1/../../../../../H-x86_64-mingw32/nios2-elf/lib\libc.a(lib_a-makebuf.o)
 .bss           0x0000000000089a28       0x28 c:/altera/15.0/nios2eds/bin/gnu/h-x86_64-mingw32/bin/../lib/gcc/nios2-elf/4.9.1/../../../../../H-x86_64-mingw32/nios2-elf/lib\libc.a(lib_a-mallocr.o)
                0x0000000000089a28                __malloc_current_mallinfo
 .bss           0x0000000000089a50        0x0 c:/altera/15.0/nios2eds/bin/gnu/h-x86_64-mingw32/bin/../lib/gcc/nios2-elf/4.9.1/../../../../../H-x86_64-mingw32/nios2-elf/lib\libc.a(lib_a-memset.o)
 .bss           0x0000000000089a50        0x0 c:/altera/15.0/nios2eds/bin/gnu/h-x86_64-mingw32/bin/../lib/gcc/nios2-elf/4.9.1/../../../../../H-x86_64-mingw32/nios2-elf/lib\libc.a(lib_a-sbrkr.o)
 .bss           0x0000000000089a50        0x0 c:/altera/15.0/nios2eds/bin/gnu/h-x86_64-mingw32/bin/../lib/gcc/nios2-elf/4.9.1/../../../../../H-x86_64-mingw32/nios2-elf/lib\libc.a(lib_a-stdio.o)
 .bss           0x0000000000089a50        0x0 c:/altera/15.0/nios2eds/bin/gnu/h-x86_64-mingw32/bin/../lib/gcc/nios2-elf/4.9.1/../../../../../H-x86_64-mingw32/nios2-elf/lib\libc.a(lib_a-writer.o)
 .bss           0x0000000000089a50        0x0 c:/altera/15.0/nios2eds/bin/gnu/h-x86_64-mingw32/bin/../lib/gcc/nios2-elf/4.9.1/../../../../../H-x86_64-mingw32/nios2-elf/lib\libc.a(closer.o)
 .bss           0x0000000000089a50        0x0 c:/altera/15.0/nios2eds/bin/gnu/h-x86_64-mingw32/bin/../lib/gcc/nios2-elf/4.9.1/../../../../../H-x86_64-mingw32/nios2-elf/lib\libc.a(lib_a-fclose.o)
 .bss           0x0000000000089a50        0x0 c:/altera/15.0/nios2eds/bin/gnu/h-x86_64-mingw32/bin/../lib/gcc/nios2-elf/4.9.1/../../../../../H-x86_64-mingw32/nios2-elf/lib\libc.a(lib_a-fstatr.o)
 .bss           0x0000000000089a50        0x0 c:/altera/15.0/nios2eds/bin/gnu/h-x86_64-mingw32/bin/../lib/gcc/nios2-elf/4.9.1/../../../../../H-x86_64-mingw32/nios2-elf/lib\libc.a(lib_a-isattyr.o)
 .bss           0x0000000000089a50        0x0 c:/altera/15.0/nios2eds/bin/gnu/h-x86_64-mingw32/bin/../lib/gcc/nios2-elf/4.9.1/../../../../../H-x86_64-mingw32/nios2-elf/lib\libc.a(lib_a-lseekr.o)
 .bss           0x0000000000089a50        0x0 c:/altera/15.0/nios2eds/bin/gnu/h-x86_64-mingw32/bin/../lib/gcc/nios2-elf/4.9.1/../../../../../H-x86_64-mingw32/nios2-elf/lib\libc.a(lib_a-readr.o)
 .bss           0x0000000000089a50        0x0 ../lab3_bsp/\libhal_bsp.a(alt_exit.o)
 .bss           0x0000000000089a50        0x0 ../lab3_bsp/\libhal_bsp.a(alt_fstat.o)
 .bss           0x0000000000089a50        0x0 ../lab3_bsp/\libhal_bsp.a(alt_isatty.o)
 .bss           0x0000000000089a50        0x0 ../lab3_bsp/\libhal_bsp.a(alt_lseek.o)
 .bss           0x0000000000089a50        0x0 ../lab3_bsp/\libhal_bsp.a(alt_malloc_lock.o)
 .bss           0x0000000000089a50        0x0 ../lab3_bsp/\libhal_bsp.a(alt_read.o)
 .bss           0x0000000000089a50        0x0 ../lab3_bsp/\libhal_bsp.a(alt_sbrk.o)
 .bss           0x0000000000089a50        0x0 ../lab3_bsp/\libhal_bsp.a(alt_write.o)
 *(COMMON)
 COMMON         0x0000000000089a50      0x100 ../lab3_bsp/\libhal_bsp.a(alt_irq_handler.o)
                0x0000000000089a50                alt_irq
                0x0000000000089b50                . = ALIGN (0x4)
                0x0000000000089b50                __bss_end = ABSOLUTE (.)

.main_memory    0x0000000000089b50        0x0
                0x0000000000089b50                PROVIDE (_alt_partition_main_memory_start, ABSOLUTE (.))
 *(.main_memory .main_memory. main_memory.*)
                0x0000000000089b50                . = ALIGN (0x4)
                0x0000000000089b50                PROVIDE (_alt_partition_main_memory_end, ABSOLUTE (.))
                0x0000000000089b50                _end = ABSOLUTE (.)
                0x0000000000089b50                end = ABSOLUTE (.)
                0x0000000000089b50                __alt_stack_base = ABSOLUTE (.)
                0x0000000000089b50                PROVIDE (_alt_partition_main_memory_load_addr, LOADADDR (.main_memory))

.descriptor_memory
                0x0000000000100000       0x80 load address 0x0000000000089b50
                0x0000000000100000                PROVIDE (_alt_partition_descriptor_memory_start, ABSOLUTE (.))
 *(.descriptor_memory .descriptor_memory. descriptor_memory.*)
 .descriptor_memory
                0x0000000000100000       0x80 obj/default/lab3.o
                0x0000000000100000                tx_descriptor
                0x0000000000100020                tx_descriptor_end
                0x0000000000100040                rx_descriptor
                0x0000000000100060                rx_descriptor_end
                0x0000000000100080                . = ALIGN (0x4)
                0x0000000000100080                PROVIDE (_alt_partition_descriptor_memory_end, ABSOLUTE (.))
                0x0000000000089b50                PROVIDE (_alt_partition_descriptor_memory_load_addr, LOADADDR (.descriptor_memory))

.stab
 *(.stab)

.stabstr
 *(.stabstr)

.stab.excl
 *(.stab.excl)

.stab.exclstr
 *(.stab.exclstr)

.stab.index
 *(.stab.index)

.stab.indexstr
 *(.stab.indexstr)

.comment        0x0000000000000000       0x23
 *(.comment)
 .comment       0x0000000000000000       0x23 obj/default/lab3.o
                                         0x24 (size before relaxing)
 .comment       0x0000000000000000       0x24 ../lab3_bsp/\libhal_bsp.a(alt_load.o)
 .comment       0x0000000000000000       0x24 ../lab3_bsp/\libhal_bsp.a(alt_main.o)
 .comment       0x0000000000000000       0x24 ../lab3_bsp/\libhal_bsp.a(alt_printf.o)
 .comment       0x0000000000000000       0x24 ../lab3_bsp/\libhal_bsp.a(alt_putchar.o)
 .comment       0x0000000000000000       0x24 ../lab3_bsp/\libhal_bsp.a(alt_sys_init.o)
 .comment       0x0000000000000000       0x24 ../lab3_bsp/\libhal_bsp.a(altera_avalon_jtag_uart_fd.o)
 .comment       0x0000000000000000       0x24 ../lab3_bsp/\libhal_bsp.a(altera_avalon_jtag_uart_init.o)
 .comment       0x0000000000000000       0x24 ../lab3_bsp/\libhal_bsp.a(altera_avalon_jtag_uart_ioctl.o)
 .comment       0x0000000000000000       0x24 ../lab3_bsp/\libhal_bsp.a(altera_avalon_jtag_uart_read.o)
 .comment       0x0000000000000000       0x24 ../lab3_bsp/\libhal_bsp.a(altera_avalon_jtag_uart_write.o)
 .comment       0x0000000000000000       0x24 ../lab3_bsp/\libhal_bsp.a(altera_avalon_sgdma.o)
 .comment       0x0000000000000000       0x24 ../lab3_bsp/\libhal_bsp.a(alt_alarm_start.o)
 .comment       0x0000000000000000       0x24 ../lab3_bsp/\libhal_bsp.a(alt_close.o)
 .comment       0x0000000000000000       0x24 ../lab3_bsp/\libhal_bsp.a(alt_dcache_flush.o)
 .comment       0x0000000000000000       0x24 ../lab3_bsp/\libhal_bsp.a(alt_dcache_flush_all.o)
 .comment       0x0000000000000000       0x24 ../lab3_bsp/\libhal_bsp.a(alt_dev.o)
 .comment       0x0000000000000000       0x24 ../lab3_bsp/\libhal_bsp.a(alt_dev_llist_insert.o)
 .comment       0x0000000000000000       0x24 ../lab3_bsp/\libhal_bsp.a(alt_do_ctors.o)
 .comment       0x0000000000000000       0x24 ../lab3_bsp/\libhal_bsp.a(alt_do_dtors.o)
 .comment       0x0000000000000000       0x24 ../lab3_bsp/\libhal_bsp.a(alt_errno.o)
 .comment       0x0000000000000000       0x24 ../lab3_bsp/\libhal_bsp.a(alt_find_dev.o)
 .comment       0x0000000000000000       0x24 ../lab3_bsp/\libhal_bsp.a(alt_icache_flush_all.o)
 .comment       0x0000000000000000       0x24 ../lab3_bsp/\libhal_bsp.a(alt_iic.o)
 .comment       0x0000000000000000       0x24 ../lab3_bsp/\libhal_bsp.a(alt_iic_isr_register.o)
 .comment       0x0000000000000000       0x24 ../lab3_bsp/\libhal_bsp.a(alt_io_redirect.o)
 .comment       0x0000000000000000       0x24 ../lab3_bsp/\libhal_bsp.a(alt_irq_handler.o)
 .comment       0x0000000000000000       0x24 ../lab3_bsp/\libhal_bsp.a(alt_irq_vars.o)
 .comment       0x0000000000000000       0x24 ../lab3_bsp/\libhal_bsp.a(alt_open.o)
 .comment       0x0000000000000000       0x24 ../lab3_bsp/\libhal_bsp.a(alt_release_fd.o)
 .comment       0x0000000000000000       0x24 ../lab3_bsp/\libhal_bsp.a(alt_tick.o)
 .comment       0x0000000000000000       0x24 ../lab3_bsp/\libhal_bsp.a(altera_nios2_gen2_irq.o)
 .comment       0x0000000000000000       0x24 ../lab3_bsp/\libhal_bsp.a(alt_find_file.o)
 .comment       0x0000000000000000       0x24 ../lab3_bsp/\libhal_bsp.a(alt_get_fd.o)
 .comment       0x0000000000000000       0x24 ../lab3_bsp/\libhal_bsp.a(alt_icache_flush.o)
 .comment       0x0000000000000000       0x24 ../lab3_bsp/\libhal_bsp.a(alt_instruction_exception_entry.o)
 .comment       0x0000000000000000       0x24 c:/altera/15.0/nios2eds/bin/gnu/h-x86_64-mingw32/bin/../lib/gcc/nios2-elf/4.9.1/../../../../../H-x86_64-mingw32/nios2-elf/lib\libc.a(lib_a-atexit.o)
 .comment       0x0000000000000000       0x24 c:/altera/15.0/nios2eds/bin/gnu/h-x86_64-mingw32/bin/../lib/gcc/nios2-elf/4.9.1/../../../../../H-x86_64-mingw32/nios2-elf/lib\libc.a(lib_a-exit.o)
 .comment       0x0000000000000000       0x24 c:/altera/15.0/nios2eds/bin/gnu/h-x86_64-mingw32/bin/../lib/gcc/nios2-elf/4.9.1/../../../../../H-x86_64-mingw32/nios2-elf/lib\libc.a(lib_a-impure.o)
 .comment       0x0000000000000000       0x24 c:/altera/15.0/nios2eds/bin/gnu/h-x86_64-mingw32/bin/../lib/gcc/nios2-elf/4.9.1/../../../../../H-x86_64-mingw32/nios2-elf/lib\libc.a(lib_a-int_errno.o)
 .comment       0x0000000000000000       0x24 c:/altera/15.0/nios2eds/bin/gnu/h-x86_64-mingw32/bin/../lib/gcc/nios2-elf/4.9.1/../../../../../H-x86_64-mingw32/nios2-elf/lib\libc.a(lib_a-memcmp.o)
 .comment       0x0000000000000000       0x24 c:/altera/15.0/nios2eds/bin/gnu/h-x86_64-mingw32/bin/../lib/gcc/nios2-elf/4.9.1/../../../../../H-x86_64-mingw32/nios2-elf/lib\libc.a(lib_a-memcpy.o)
 .comment       0x0000000000000000       0x24 c:/altera/15.0/nios2eds/bin/gnu/h-x86_64-mingw32/bin/../lib/gcc/nios2-elf/4.9.1/../../../../../H-x86_64-mingw32/nios2-elf/lib\libc.a(lib_a-putc.o)
 .comment       0x0000000000000000       0x24 c:/altera/15.0/nios2eds/bin/gnu/h-x86_64-mingw32/bin/../lib/gcc/nios2-elf/4.9.1/../../../../../H-x86_64-mingw32/nios2-elf/lib\libc.a(lib_a-strlen.o)
 .comment       0x0000000000000000       0x24 c:/altera/15.0/nios2eds/bin/gnu/h-x86_64-mingw32/bin/../lib/gcc/nios2-elf/4.9.1/../../../../../H-x86_64-mingw32/nios2-elf/lib\libc.a(lib_a-wbuf.o)
 .comment       0x0000000000000000       0x24 c:/altera/15.0/nios2eds/bin/gnu/h-x86_64-mingw32/bin/../lib/gcc/nios2-elf/4.9.1/../../../../../H-x86_64-mingw32/nios2-elf/lib\libc.a(lib_a-wsetup.o)
 .comment       0x0000000000000000       0x24 c:/altera/15.0/nios2eds/bin/gnu/h-x86_64-mingw32/bin/../lib/gcc/nios2-elf/4.9.1/../../../../../H-x86_64-mingw32/nios2-elf/lib\libc.a(lib_a-__atexit.o)
 .comment       0x0000000000000000       0x24 c:/altera/15.0/nios2eds/bin/gnu/h-x86_64-mingw32/bin/../lib/gcc/nios2-elf/4.9.1/../../../../../H-x86_64-mingw32/nios2-elf/lib\libc.a(lib_a-__call_atexit.o)
 .comment       0x0000000000000000       0x24 c:/altera/15.0/nios2eds/bin/gnu/h-x86_64-mingw32/bin/../lib/gcc/nios2-elf/4.9.1/../../../../../H-x86_64-mingw32/nios2-elf/lib\libc.a(lib_a-fflush.o)
 .comment       0x0000000000000000       0x24 c:/altera/15.0/nios2eds/bin/gnu/h-x86_64-mingw32/bin/../lib/gcc/nios2-elf/4.9.1/../../../../../H-x86_64-mingw32/nios2-elf/lib\libc.a(lib_a-findfp.o)
 .comment       0x0000000000000000       0x24 c:/altera/15.0/nios2eds/bin/gnu/h-x86_64-mingw32/bin/../lib/gcc/nios2-elf/4.9.1/../../../../../H-x86_64-mingw32/nios2-elf/lib\libc.a(lib_a-freer.o)
 .comment       0x0000000000000000       0x24 c:/altera/15.0/nios2eds/bin/gnu/h-x86_64-mingw32/bin/../lib/gcc/nios2-elf/4.9.1/../../../../../H-x86_64-mingw32/nios2-elf/lib\libc.a(lib_a-fwalk.o)
 .comment       0x0000000000000000       0x24 c:/altera/15.0/nios2eds/bin/gnu/h-x86_64-mingw32/bin/../lib/gcc/nios2-elf/4.9.1/../../../../../H-x86_64-mingw32/nios2-elf/lib\libc.a(lib_a-makebuf.o)
 .comment       0x0000000000000000       0x24 c:/altera/15.0/nios2eds/bin/gnu/h-x86_64-mingw32/bin/../lib/gcc/nios2-elf/4.9.1/../../../../../H-x86_64-mingw32/nios2-elf/lib\libc.a(lib_a-mallocr.o)
 .comment       0x0000000000000000       0x24 c:/altera/15.0/nios2eds/bin/gnu/h-x86_64-mingw32/bin/../lib/gcc/nios2-elf/4.9.1/../../../../../H-x86_64-mingw32/nios2-elf/lib\libc.a(lib_a-memset.o)
 .comment       0x0000000000000000       0x24 c:/altera/15.0/nios2eds/bin/gnu/h-x86_64-mingw32/bin/../lib/gcc/nios2-elf/4.9.1/../../../../../H-x86_64-mingw32/nios2-elf/lib\libc.a(lib_a-sbrkr.o)
 .comment       0x0000000000000000       0x24 c:/altera/15.0/nios2eds/bin/gnu/h-x86_64-mingw32/bin/../lib/gcc/nios2-elf/4.9.1/../../../../../H-x86_64-mingw32/nios2-elf/lib\libc.a(lib_a-stdio.o)
 .comment       0x0000000000000000       0x24 c:/altera/15.0/nios2eds/bin/gnu/h-x86_64-mingw32/bin/../lib/gcc/nios2-elf/4.9.1/../../../../../H-x86_64-mingw32/nios2-elf/lib\libc.a(lib_a-writer.o)
 .comment       0x0000000000000000       0x24 c:/altera/15.0/nios2eds/bin/gnu/h-x86_64-mingw32/bin/../lib/gcc/nios2-elf/4.9.1/../../../../../H-x86_64-mingw32/nios2-elf/lib\libc.a(closer.o)
 .comment       0x0000000000000000       0x24 c:/altera/15.0/nios2eds/bin/gnu/h-x86_64-mingw32/bin/../lib/gcc/nios2-elf/4.9.1/../../../../../H-x86_64-mingw32/nios2-elf/lib\libc.a(lib_a-fclose.o)
 .comment       0x0000000000000000       0x24 c:/altera/15.0/nios2eds/bin/gnu/h-x86_64-mingw32/bin/../lib/gcc/nios2-elf/4.9.1/../../../../../H-x86_64-mingw32/nios2-elf/lib\libc.a(lib_a-fstatr.o)
 .comment       0x0000000000000000       0x24 c:/altera/15.0/nios2eds/bin/gnu/h-x86_64-mingw32/bin/../lib/gcc/nios2-elf/4.9.1/../../../../../H-x86_64-mingw32/nios2-elf/lib\libc.a(lib_a-isattyr.o)
 .comment       0x0000000000000000       0x24 c:/altera/15.0/nios2eds/bin/gnu/h-x86_64-mingw32/bin/../lib/gcc/nios2-elf/4.9.1/../../../../../H-x86_64-mingw32/nios2-elf/lib\libc.a(lib_a-lseekr.o)
 .comment       0x0000000000000000       0x24 c:/altera/15.0/nios2eds/bin/gnu/h-x86_64-mingw32/bin/../lib/gcc/nios2-elf/4.9.1/../../../../../H-x86_64-mingw32/nios2-elf/lib\libc.a(lib_a-readr.o)
 .comment       0x0000000000000000       0x24 ../lab3_bsp/\libhal_bsp.a(alt_exit.o)
 .comment       0x0000000000000000       0x24 ../lab3_bsp/\libhal_bsp.a(alt_fstat.o)
 .comment       0x0000000000000000       0x24 ../lab3_bsp/\libhal_bsp.a(alt_isatty.o)
 .comment       0x0000000000000000       0x24 ../lab3_bsp/\libhal_bsp.a(alt_lseek.o)
 .comment       0x0000000000000000       0x24 ../lab3_bsp/\libhal_bsp.a(alt_malloc_lock.o)
 .comment       0x0000000000000000       0x24 ../lab3_bsp/\libhal_bsp.a(alt_read.o)
 .comment       0x0000000000000000       0x24 ../lab3_bsp/\libhal_bsp.a(alt_sbrk.o)
 .comment       0x0000000000000000       0x24 ../lab3_bsp/\libhal_bsp.a(alt_write.o)

.debug
 *(.debug)

.line
 *(.line)

.debug_srcinfo
 *(.debug_srcinfo)

.debug_sfnames
 *(.debug_sfnames)

.debug_aranges  0x0000000000000000      0x978
 *(.debug_aranges)
 .debug_aranges
                0x0000000000000000       0x28 ../lab3_bsp//obj/HAL/src/crt0.o
 .debug_aranges
                0x0000000000000028       0x20 obj/default/lab3.o
 .debug_aranges
                0x0000000000000048       0x20 ../lab3_bsp/\libhal_bsp.a(alt_load.o)
 .debug_aranges
                0x0000000000000068       0x20 ../lab3_bsp/\libhal_bsp.a(alt_main.o)
 .debug_aranges
                0x0000000000000088       0x20 ../lab3_bsp/\libhal_bsp.a(alt_printf.o)
 .debug_aranges
                0x00000000000000a8       0x20 ../lab3_bsp/\libhal_bsp.a(alt_putchar.o)
 .debug_aranges
                0x00000000000000c8       0x20 ../lab3_bsp/\libhal_bsp.a(alt_sys_init.o)
 .debug_aranges
                0x00000000000000e8       0x20 ../lab3_bsp/\libhal_bsp.a(altera_avalon_jtag_uart_fd.o)
 .debug_aranges
                0x0000000000000108       0x20 ../lab3_bsp/\libhal_bsp.a(altera_avalon_jtag_uart_init.o)
 .debug_aranges
                0x0000000000000128       0x20 ../lab3_bsp/\libhal_bsp.a(altera_avalon_jtag_uart_ioctl.o)
 .debug_aranges
                0x0000000000000148       0x20 ../lab3_bsp/\libhal_bsp.a(altera_avalon_jtag_uart_read.o)
 .debug_aranges
                0x0000000000000168       0x20 ../lab3_bsp/\libhal_bsp.a(altera_avalon_jtag_uart_write.o)
 .debug_aranges
                0x0000000000000188       0x20 ../lab3_bsp/\libhal_bsp.a(altera_avalon_sgdma.o)
 .debug_aranges
                0x00000000000001a8       0x20 ../lab3_bsp/\libhal_bsp.a(alt_alarm_start.o)
 .debug_aranges
                0x00000000000001c8       0x20 ../lab3_bsp/\libhal_bsp.a(alt_close.o)
 .debug_aranges
                0x00000000000001e8       0x20 ../lab3_bsp/\libhal_bsp.a(alt_dcache_flush.o)
 .debug_aranges
                0x0000000000000208       0x20 ../lab3_bsp/\libhal_bsp.a(alt_dcache_flush_all.o)
 .debug_aranges
                0x0000000000000228       0x20 ../lab3_bsp/\libhal_bsp.a(alt_dev.o)
 .debug_aranges
                0x0000000000000248       0x20 ../lab3_bsp/\libhal_bsp.a(alt_dev_llist_insert.o)
 .debug_aranges
                0x0000000000000268       0x20 ../lab3_bsp/\libhal_bsp.a(alt_do_ctors.o)
 .debug_aranges
                0x0000000000000288       0x20 ../lab3_bsp/\libhal_bsp.a(alt_do_dtors.o)
 .debug_aranges
                0x00000000000002a8       0x18 ../lab3_bsp/\libhal_bsp.a(alt_errno.o)
 .debug_aranges
                0x00000000000002c0       0x20 ../lab3_bsp/\libhal_bsp.a(alt_find_dev.o)
 .debug_aranges
                0x00000000000002e0       0x20 ../lab3_bsp/\libhal_bsp.a(alt_icache_flush_all.o)
 .debug_aranges
                0x0000000000000300       0x20 ../lab3_bsp/\libhal_bsp.a(alt_iic.o)
 .debug_aranges
                0x0000000000000320       0x20 ../lab3_bsp/\libhal_bsp.a(alt_iic_isr_register.o)
 .debug_aranges
                0x0000000000000340       0x20 ../lab3_bsp/\libhal_bsp.a(alt_io_redirect.o)
 .debug_aranges
                0x0000000000000360       0x30 ../lab3_bsp/\libhal_bsp.a(alt_irq_entry.o)
 .debug_aranges
                0x0000000000000390       0x20 ../lab3_bsp/\libhal_bsp.a(alt_irq_handler.o)
 .debug_aranges
                0x00000000000003b0       0x18 ../lab3_bsp/\libhal_bsp.a(alt_irq_vars.o)
 .debug_aranges
                0x00000000000003c8       0x20 ../lab3_bsp/\libhal_bsp.a(alt_open.o)
 .debug_aranges
                0x00000000000003e8       0x20 ../lab3_bsp/\libhal_bsp.a(alt_release_fd.o)
 .debug_aranges
                0x0000000000000408       0x20 ../lab3_bsp/\libhal_bsp.a(alt_tick.o)
 .debug_aranges
                0x0000000000000428       0x20 ../lab3_bsp/\libhal_bsp.a(altera_nios2_gen2_irq.o)
 .debug_aranges
                0x0000000000000448       0x38 ../lab3_bsp/\libhal_bsp.a(alt_exception_entry.o)
 .debug_aranges
                0x0000000000000480       0x20 ../lab3_bsp/\libhal_bsp.a(alt_find_file.o)
 .debug_aranges
                0x00000000000004a0       0x20 ../lab3_bsp/\libhal_bsp.a(alt_get_fd.o)
 .debug_aranges
                0x00000000000004c0       0x20 ../lab3_bsp/\libhal_bsp.a(alt_icache_flush.o)
 .debug_aranges
                0x00000000000004e0       0x28 ../lab3_bsp/\libhal_bsp.a(alt_instruction_exception_entry.o)
 .debug_aranges
                0x0000000000000508       0x20 c:/altera/15.0/nios2eds/bin/gnu/h-x86_64-mingw32/bin/../lib/gcc/nios2-elf/4.9.1/../../../../../H-x86_64-mingw32/nios2-elf/lib\libc.a(lib_a-atexit.o)
 .debug_aranges
                0x0000000000000528       0x20 c:/altera/15.0/nios2eds/bin/gnu/h-x86_64-mingw32/bin/../lib/gcc/nios2-elf/4.9.1/../../../../../H-x86_64-mingw32/nios2-elf/lib\libc.a(lib_a-exit.o)
 .debug_aranges
                0x0000000000000548       0x18 c:/altera/15.0/nios2eds/bin/gnu/h-x86_64-mingw32/bin/../lib/gcc/nios2-elf/4.9.1/../../../../../H-x86_64-mingw32/nios2-elf/lib\libc.a(lib_a-impure.o)
 .debug_aranges
                0x0000000000000560       0x18 c:/altera/15.0/nios2eds/bin/gnu/h-x86_64-mingw32/bin/../lib/gcc/nios2-elf/4.9.1/../../../../../H-x86_64-mingw32/nios2-elf/lib\libc.a(lib_a-int_errno.o)
 .debug_aranges
                0x0000000000000578       0x20 c:/altera/15.0/nios2eds/bin/gnu/h-x86_64-mingw32/bin/../lib/gcc/nios2-elf/4.9.1/../../../../../H-x86_64-mingw32/nios2-elf/lib\libc.a(lib_a-memcmp.o)
 .debug_aranges
                0x0000000000000598       0x20 c:/altera/15.0/nios2eds/bin/gnu/h-x86_64-mingw32/bin/../lib/gcc/nios2-elf/4.9.1/../../../../../H-x86_64-mingw32/nios2-elf/lib\libc.a(lib_a-memcpy.o)
 .debug_aranges
                0x00000000000005b8       0x20 c:/altera/15.0/nios2eds/bin/gnu/h-x86_64-mingw32/bin/../lib/gcc/nios2-elf/4.9.1/../../../../../H-x86_64-mingw32/nios2-elf/lib\libc.a(lib_a-putc.o)
 .debug_aranges
                0x00000000000005d8       0x20 c:/altera/15.0/nios2eds/bin/gnu/h-x86_64-mingw32/bin/../lib/gcc/nios2-elf/4.9.1/../../../../../H-x86_64-mingw32/nios2-elf/lib\libc.a(lib_a-strlen.o)
 .debug_aranges
                0x00000000000005f8       0x20 c:/altera/15.0/nios2eds/bin/gnu/h-x86_64-mingw32/bin/../lib/gcc/nios2-elf/4.9.1/../../../../../H-x86_64-mingw32/nios2-elf/lib\libc.a(lib_a-wbuf.o)
 .debug_aranges
                0x0000000000000618       0x20 c:/altera/15.0/nios2eds/bin/gnu/h-x86_64-mingw32/bin/../lib/gcc/nios2-elf/4.9.1/../../../../../H-x86_64-mingw32/nios2-elf/lib\libc.a(lib_a-wsetup.o)
 .debug_aranges
                0x0000000000000638       0x20 c:/altera/15.0/nios2eds/bin/gnu/h-x86_64-mingw32/bin/../lib/gcc/nios2-elf/4.9.1/../../../../../H-x86_64-mingw32/nios2-elf/lib\libc.a(lib_a-__atexit.o)
 .debug_aranges
                0x0000000000000658       0x20 c:/altera/15.0/nios2eds/bin/gnu/h-x86_64-mingw32/bin/../lib/gcc/nios2-elf/4.9.1/../../../../../H-x86_64-mingw32/nios2-elf/lib\libc.a(lib_a-__call_atexit.o)
 .debug_aranges
                0x0000000000000678       0x20 c:/altera/15.0/nios2eds/bin/gnu/h-x86_64-mingw32/bin/../lib/gcc/nios2-elf/4.9.1/../../../../../H-x86_64-mingw32/nios2-elf/lib\libc.a(lib_a-fflush.o)
 .debug_aranges
                0x0000000000000698       0x20 c:/altera/15.0/nios2eds/bin/gnu/h-x86_64-mingw32/bin/../lib/gcc/nios2-elf/4.9.1/../../../../../H-x86_64-mingw32/nios2-elf/lib\libc.a(lib_a-findfp.o)
 .debug_aranges
                0x00000000000006b8       0x20 c:/altera/15.0/nios2eds/bin/gnu/h-x86_64-mingw32/bin/../lib/gcc/nios2-elf/4.9.1/../../../../../H-x86_64-mingw32/nios2-elf/lib\libc.a(lib_a-freer.o)
 .debug_aranges
                0x00000000000006d8       0x20 c:/altera/15.0/nios2eds/bin/gnu/h-x86_64-mingw32/bin/../lib/gcc/nios2-elf/4.9.1/../../../../../H-x86_64-mingw32/nios2-elf/lib\libc.a(lib_a-fwalk.o)
 .debug_aranges
                0x00000000000006f8       0x20 c:/altera/15.0/nios2eds/bin/gnu/h-x86_64-mingw32/bin/../lib/gcc/nios2-elf/4.9.1/../../../../../H-x86_64-mingw32/nios2-elf/lib\libc.a(lib_a-makebuf.o)
 .debug_aranges
                0x0000000000000718       0x20 c:/altera/15.0/nios2eds/bin/gnu/h-x86_64-mingw32/bin/../lib/gcc/nios2-elf/4.9.1/../../../../../H-x86_64-mingw32/nios2-elf/lib\libc.a(lib_a-mallocr.o)
 .debug_aranges
                0x0000000000000738       0x20 c:/altera/15.0/nios2eds/bin/gnu/h-x86_64-mingw32/bin/../lib/gcc/nios2-elf/4.9.1/../../../../../H-x86_64-mingw32/nios2-elf/lib\libc.a(lib_a-memset.o)
 .debug_aranges
                0x0000000000000758       0x20 c:/altera/15.0/nios2eds/bin/gnu/h-x86_64-mingw32/bin/../lib/gcc/nios2-elf/4.9.1/../../../../../H-x86_64-mingw32/nios2-elf/lib\libc.a(lib_a-sbrkr.o)
 .debug_aranges
                0x0000000000000778       0x20 c:/altera/15.0/nios2eds/bin/gnu/h-x86_64-mingw32/bin/../lib/gcc/nios2-elf/4.9.1/../../../../../H-x86_64-mingw32/nios2-elf/lib\libc.a(lib_a-stdio.o)
 .debug_aranges
                0x0000000000000798       0x20 c:/altera/15.0/nios2eds/bin/gnu/h-x86_64-mingw32/bin/../lib/gcc/nios2-elf/4.9.1/../../../../../H-x86_64-mingw32/nios2-elf/lib\libc.a(lib_a-writer.o)
 .debug_aranges
                0x00000000000007b8       0x20 c:/altera/15.0/nios2eds/bin/gnu/h-x86_64-mingw32/bin/../lib/gcc/nios2-elf/4.9.1/../../../../../H-x86_64-mingw32/nios2-elf/lib\libc.a(closer.o)
 .debug_aranges
                0x00000000000007d8       0x20 c:/altera/15.0/nios2eds/bin/gnu/h-x86_64-mingw32/bin/../lib/gcc/nios2-elf/4.9.1/../../../../../H-x86_64-mingw32/nios2-elf/lib\libc.a(lib_a-fclose.o)
 .debug_aranges
                0x00000000000007f8       0x20 c:/altera/15.0/nios2eds/bin/gnu/h-x86_64-mingw32/bin/../lib/gcc/nios2-elf/4.9.1/../../../../../H-x86_64-mingw32/nios2-elf/lib\libc.a(lib_a-fstatr.o)
 .debug_aranges
                0x0000000000000818       0x20 c:/altera/15.0/nios2eds/bin/gnu/h-x86_64-mingw32/bin/../lib/gcc/nios2-elf/4.9.1/../../../../../H-x86_64-mingw32/nios2-elf/lib\libc.a(lib_a-isattyr.o)
 .debug_aranges
                0x0000000000000838       0x20 c:/altera/15.0/nios2eds/bin/gnu/h-x86_64-mingw32/bin/../lib/gcc/nios2-elf/4.9.1/../../../../../H-x86_64-mingw32/nios2-elf/lib\libc.a(lib_a-lseekr.o)
 .debug_aranges
                0x0000000000000858       0x20 c:/altera/15.0/nios2eds/bin/gnu/h-x86_64-mingw32/bin/../lib/gcc/nios2-elf/4.9.1/../../../../../H-x86_64-mingw32/nios2-elf/lib\libc.a(lib_a-readr.o)
 .debug_aranges
                0x0000000000000878       0x20 ../lab3_bsp/\libhal_bsp.a(alt_exit.o)
 .debug_aranges
                0x0000000000000898       0x20 ../lab3_bsp/\libhal_bsp.a(alt_fstat.o)
 .debug_aranges
                0x00000000000008b8       0x20 ../lab3_bsp/\libhal_bsp.a(alt_isatty.o)
 .debug_aranges
                0x00000000000008d8       0x20 ../lab3_bsp/\libhal_bsp.a(alt_lseek.o)
 .debug_aranges
                0x00000000000008f8       0x20 ../lab3_bsp/\libhal_bsp.a(alt_malloc_lock.o)
 .debug_aranges
                0x0000000000000918       0x20 ../lab3_bsp/\libhal_bsp.a(alt_read.o)
 .debug_aranges
                0x0000000000000938       0x20 ../lab3_bsp/\libhal_bsp.a(alt_sbrk.o)
 .debug_aranges
                0x0000000000000958       0x20 ../lab3_bsp/\libhal_bsp.a(alt_write.o)

.debug_pubnames
 *(.debug_pubnames)

.debug_info     0x0000000000000000    0x166fb
 *(.debug_info .gnu.linkonce.wi.*)
 .debug_info    0x0000000000000000       0x65 ../lab3_bsp//obj/HAL/src/crt0.o
 .debug_info    0x0000000000000065      0x357 obj/default/lab3.o
 .debug_info    0x00000000000003bc      0x13e ../lab3_bsp/\libhal_bsp.a(alt_load.o)
 .debug_info    0x00000000000004fa      0x12a ../lab3_bsp/\libhal_bsp.a(alt_main.o)
 .debug_info    0x0000000000000624      0x119 ../lab3_bsp/\libhal_bsp.a(alt_printf.o)
 .debug_info    0x000000000000073d      0x88f ../lab3_bsp/\libhal_bsp.a(alt_putchar.o)
 .debug_info    0x0000000000000fcc      0x651 ../lab3_bsp/\libhal_bsp.a(alt_sys_init.o)
 .debug_info    0x000000000000161d      0x527 ../lab3_bsp/\libhal_bsp.a(altera_avalon_jtag_uart_fd.o)
 .debug_info    0x0000000000001b44      0x3a1 ../lab3_bsp/\libhal_bsp.a(altera_avalon_jtag_uart_init.o)
 .debug_info    0x0000000000001ee5      0x279 ../lab3_bsp/\libhal_bsp.a(altera_avalon_jtag_uart_ioctl.o)
 .debug_info    0x000000000000215e      0x342 ../lab3_bsp/\libhal_bsp.a(altera_avalon_jtag_uart_read.o)
 .debug_info    0x00000000000024a0      0x339 ../lab3_bsp/\libhal_bsp.a(altera_avalon_jtag_uart_write.o)
 .debug_info    0x00000000000027d9      0xa7b ../lab3_bsp/\libhal_bsp.a(altera_avalon_sgdma.o)
 .debug_info    0x0000000000003254      0x2c5 ../lab3_bsp/\libhal_bsp.a(alt_alarm_start.o)
 .debug_info    0x0000000000003519      0x31a ../lab3_bsp/\libhal_bsp.a(alt_close.o)
 .debug_info    0x0000000000003833       0xd5 ../lab3_bsp/\libhal_bsp.a(alt_dcache_flush.o)
 .debug_info    0x0000000000003908       0x9e ../lab3_bsp/\libhal_bsp.a(alt_dcache_flush_all.o)
 .debug_info    0x00000000000039a6      0x495 ../lab3_bsp/\libhal_bsp.a(alt_dev.o)
 .debug_info    0x0000000000003e3b      0x1a2 ../lab3_bsp/\libhal_bsp.a(alt_dev_llist_insert.o)
 .debug_info    0x0000000000003fdd       0x83 ../lab3_bsp/\libhal_bsp.a(alt_do_ctors.o)
 .debug_info    0x0000000000004060       0x83 ../lab3_bsp/\libhal_bsp.a(alt_do_dtors.o)
 .debug_info    0x00000000000040e3       0x9f ../lab3_bsp/\libhal_bsp.a(alt_errno.o)
 .debug_info    0x0000000000004182      0x2e2 ../lab3_bsp/\libhal_bsp.a(alt_find_dev.o)
 .debug_info    0x0000000000004464       0x8b ../lab3_bsp/\libhal_bsp.a(alt_icache_flush_all.o)
 .debug_info    0x00000000000044ef      0x349 ../lab3_bsp/\libhal_bsp.a(alt_iic.o)
 .debug_info    0x0000000000004838      0x1e8 ../lab3_bsp/\libhal_bsp.a(alt_iic_isr_register.o)
 .debug_info    0x0000000000004a20      0x49e ../lab3_bsp/\libhal_bsp.a(alt_io_redirect.o)
 .debug_info    0x0000000000004ebe       0x6e ../lab3_bsp/\libhal_bsp.a(alt_irq_entry.o)
 .debug_info    0x0000000000004f2c      0x180 ../lab3_bsp/\libhal_bsp.a(alt_irq_handler.o)
 .debug_info    0x00000000000050ac       0x88 ../lab3_bsp/\libhal_bsp.a(alt_irq_vars.o)
 .debug_info    0x0000000000005134      0x3b4 ../lab3_bsp/\libhal_bsp.a(alt_open.o)
 .debug_info    0x00000000000054e8      0x2b0 ../lab3_bsp/\libhal_bsp.a(alt_release_fd.o)
 .debug_info    0x0000000000005798      0x292 ../lab3_bsp/\libhal_bsp.a(alt_tick.o)
 .debug_info    0x0000000000005a2a       0x8b ../lab3_bsp/\libhal_bsp.a(altera_nios2_gen2_irq.o)
 .debug_info    0x0000000000005ab5       0x74 ../lab3_bsp/\libhal_bsp.a(alt_exception_entry.o)
 .debug_info    0x0000000000005b29      0x2df ../lab3_bsp/\libhal_bsp.a(alt_find_file.o)
 .debug_info    0x0000000000005e08      0x309 ../lab3_bsp/\libhal_bsp.a(alt_get_fd.o)
 .debug_info    0x0000000000006111       0xd5 ../lab3_bsp/\libhal_bsp.a(alt_icache_flush.o)
 .debug_info    0x00000000000061e6      0x1d8 ../lab3_bsp/\libhal_bsp.a(alt_instruction_exception_entry.o)
 .debug_info    0x00000000000063be      0x10a c:/altera/15.0/nios2eds/bin/gnu/h-x86_64-mingw32/bin/../lib/gcc/nios2-elf/4.9.1/../../../../../H-x86_64-mingw32/nios2-elf/lib\libc.a(lib_a-atexit.o)
 .debug_info    0x00000000000064c8      0x8df c:/altera/15.0/nios2eds/bin/gnu/h-x86_64-mingw32/bin/../lib/gcc/nios2-elf/4.9.1/../../../../../H-x86_64-mingw32/nios2-elf/lib\libc.a(lib_a-exit.o)
 .debug_info    0x0000000000006da7      0x88f c:/altera/15.0/nios2eds/bin/gnu/h-x86_64-mingw32/bin/../lib/gcc/nios2-elf/4.9.1/../../../../../H-x86_64-mingw32/nios2-elf/lib\libc.a(lib_a-impure.o)
 .debug_info    0x0000000000007636       0x83 c:/altera/15.0/nios2eds/bin/gnu/h-x86_64-mingw32/bin/../lib/gcc/nios2-elf/4.9.1/../../../../../H-x86_64-mingw32/nios2-elf/lib\libc.a(lib_a-int_errno.o)
 .debug_info    0x00000000000076b9      0x113 c:/altera/15.0/nios2eds/bin/gnu/h-x86_64-mingw32/bin/../lib/gcc/nios2-elf/4.9.1/../../../../../H-x86_64-mingw32/nios2-elf/lib\libc.a(lib_a-memcmp.o)
 .debug_info    0x00000000000077cc      0x133 c:/altera/15.0/nios2eds/bin/gnu/h-x86_64-mingw32/bin/../lib/gcc/nios2-elf/4.9.1/../../../../../H-x86_64-mingw32/nios2-elf/lib\libc.a(lib_a-memcpy.o)
 .debug_info    0x00000000000078ff      0x977 c:/altera/15.0/nios2eds/bin/gnu/h-x86_64-mingw32/bin/../lib/gcc/nios2-elf/4.9.1/../../../../../H-x86_64-mingw32/nios2-elf/lib\libc.a(lib_a-putc.o)
 .debug_info    0x0000000000008276       0xdb c:/altera/15.0/nios2eds/bin/gnu/h-x86_64-mingw32/bin/../lib/gcc/nios2-elf/4.9.1/../../../../../H-x86_64-mingw32/nios2-elf/lib\libc.a(lib_a-strlen.o)
 .debug_info    0x0000000000008351      0x9b2 c:/altera/15.0/nios2eds/bin/gnu/h-x86_64-mingw32/bin/../lib/gcc/nios2-elf/4.9.1/../../../../../H-x86_64-mingw32/nios2-elf/lib\libc.a(lib_a-wbuf.o)
 .debug_info    0x0000000000008d03      0x91d c:/altera/15.0/nios2eds/bin/gnu/h-x86_64-mingw32/bin/../lib/gcc/nios2-elf/4.9.1/../../../../../H-x86_64-mingw32/nios2-elf/lib\libc.a(lib_a-wsetup.o)
 .debug_info    0x0000000000009620      0x93b c:/altera/15.0/nios2eds/bin/gnu/h-x86_64-mingw32/bin/../lib/gcc/nios2-elf/4.9.1/../../../../../H-x86_64-mingw32/nios2-elf/lib\libc.a(lib_a-__atexit.o)
 .debug_info    0x0000000000009f5b      0x948 c:/altera/15.0/nios2eds/bin/gnu/h-x86_64-mingw32/bin/../lib/gcc/nios2-elf/4.9.1/../../../../../H-x86_64-mingw32/nios2-elf/lib\libc.a(lib_a-__call_atexit.o)
 .debug_info    0x000000000000a8a3      0xa3a c:/altera/15.0/nios2eds/bin/gnu/h-x86_64-mingw32/bin/../lib/gcc/nios2-elf/4.9.1/../../../../../H-x86_64-mingw32/nios2-elf/lib\libc.a(lib_a-fflush.o)
 .debug_info    0x000000000000b2dd      0xd38 c:/altera/15.0/nios2eds/bin/gnu/h-x86_64-mingw32/bin/../lib/gcc/nios2-elf/4.9.1/../../../../../H-x86_64-mingw32/nios2-elf/lib\libc.a(lib_a-findfp.o)
 .debug_info    0x000000000000c015      0xc02 c:/altera/15.0/nios2eds/bin/gnu/h-x86_64-mingw32/bin/../lib/gcc/nios2-elf/4.9.1/../../../../../H-x86_64-mingw32/nios2-elf/lib\libc.a(lib_a-freer.o)
 .debug_info    0x000000000000cc17      0xab7 c:/altera/15.0/nios2eds/bin/gnu/h-x86_64-mingw32/bin/../lib/gcc/nios2-elf/4.9.1/../../../../../H-x86_64-mingw32/nios2-elf/lib\libc.a(lib_a-fwalk.o)
 .debug_info    0x000000000000d6ce      0xaff c:/altera/15.0/nios2eds/bin/gnu/h-x86_64-mingw32/bin/../lib/gcc/nios2-elf/4.9.1/../../../../../H-x86_64-mingw32/nios2-elf/lib\libc.a(lib_a-makebuf.o)
 .debug_info    0x000000000000e1cd      0xd71 c:/altera/15.0/nios2eds/bin/gnu/h-x86_64-mingw32/bin/../lib/gcc/nios2-elf/4.9.1/../../../../../H-x86_64-mingw32/nios2-elf/lib\libc.a(lib_a-mallocr.o)
 .debug_info    0x000000000000ef3e      0x11a c:/altera/15.0/nios2eds/bin/gnu/h-x86_64-mingw32/bin/../lib/gcc/nios2-elf/4.9.1/../../../../../H-x86_64-mingw32/nios2-elf/lib\libc.a(lib_a-memset.o)
 .debug_info    0x000000000000f058      0x8ef c:/altera/15.0/nios2eds/bin/gnu/h-x86_64-mingw32/bin/../lib/gcc/nios2-elf/4.9.1/../../../../../H-x86_64-mingw32/nios2-elf/lib\libc.a(lib_a-sbrkr.o)
 .debug_info    0x000000000000f947      0xb83 c:/altera/15.0/nios2eds/bin/gnu/h-x86_64-mingw32/bin/../lib/gcc/nios2-elf/4.9.1/../../../../../H-x86_64-mingw32/nios2-elf/lib\libc.a(lib_a-stdio.o)
 .debug_info    0x00000000000104ca      0x921 c:/altera/15.0/nios2eds/bin/gnu/h-x86_64-mingw32/bin/../lib/gcc/nios2-elf/4.9.1/../../../../../H-x86_64-mingw32/nios2-elf/lib\libc.a(lib_a-writer.o)
 .debug_info    0x0000000000010deb      0x8ce c:/altera/15.0/nios2eds/bin/gnu/h-x86_64-mingw32/bin/../lib/gcc/nios2-elf/4.9.1/../../../../../H-x86_64-mingw32/nios2-elf/lib\libc.a(closer.o)
 .debug_info    0x00000000000116b9      0xa12 c:/altera/15.0/nios2eds/bin/gnu/h-x86_64-mingw32/bin/../lib/gcc/nios2-elf/4.9.1/../../../../../H-x86_64-mingw32/nios2-elf/lib\libc.a(lib_a-fclose.o)
 .debug_info    0x00000000000120cb      0xa5c c:/altera/15.0/nios2eds/bin/gnu/h-x86_64-mingw32/bin/../lib/gcc/nios2-elf/4.9.1/../../../../../H-x86_64-mingw32/nios2-elf/lib\libc.a(lib_a-fstatr.o)
 .debug_info    0x0000000000012b27      0x8ce c:/altera/15.0/nios2eds/bin/gnu/h-x86_64-mingw32/bin/../lib/gcc/nios2-elf/4.9.1/../../../../../H-x86_64-mingw32/nios2-elf/lib\libc.a(lib_a-isattyr.o)
 .debug_info    0x00000000000133f5      0x91a c:/altera/15.0/nios2eds/bin/gnu/h-x86_64-mingw32/bin/../lib/gcc/nios2-elf/4.9.1/../../../../../H-x86_64-mingw32/nios2-elf/lib\libc.a(lib_a-lseekr.o)
 .debug_info    0x0000000000013d0f      0x91a c:/altera/15.0/nios2eds/bin/gnu/h-x86_64-mingw32/bin/../lib/gcc/nios2-elf/4.9.1/../../../../../H-x86_64-mingw32/nios2-elf/lib\libc.a(lib_a-readr.o)
 .debug_info    0x0000000000014629       0xe5 ../lab3_bsp/\libhal_bsp.a(alt_exit.o)
 .debug_info    0x000000000001470e      0x481 ../lab3_bsp/\libhal_bsp.a(alt_fstat.o)
 .debug_info    0x0000000000014b8f      0x484 ../lab3_bsp/\libhal_bsp.a(alt_isatty.o)
 .debug_info    0x0000000000015013      0x34b ../lab3_bsp/\libhal_bsp.a(alt_lseek.o)
 .debug_info    0x000000000001535e      0x89f ../lab3_bsp/\libhal_bsp.a(alt_malloc_lock.o)
 .debug_info    0x0000000000015bfd      0x4a9 ../lab3_bsp/\libhal_bsp.a(alt_read.o)
 .debug_info    0x00000000000160a6      0x1a5 ../lab3_bsp/\libhal_bsp.a(alt_sbrk.o)
 .debug_info    0x000000000001624b      0x4b0 ../lab3_bsp/\libhal_bsp.a(alt_write.o)

.debug_abbrev   0x0000000000000000     0x6021
 *(.debug_abbrev)
 .debug_abbrev  0x0000000000000000       0x12 ../lab3_bsp//obj/HAL/src/crt0.o
 .debug_abbrev  0x0000000000000012      0x129 obj/default/lab3.o
 .debug_abbrev  0x000000000000013b       0x9f ../lab3_bsp/\libhal_bsp.a(alt_load.o)
 .debug_abbrev  0x00000000000001da       0xba ../lab3_bsp/\libhal_bsp.a(alt_main.o)
 .debug_abbrev  0x0000000000000294       0xb0 ../lab3_bsp/\libhal_bsp.a(alt_printf.o)
 .debug_abbrev  0x0000000000000344      0x1a0 ../lab3_bsp/\libhal_bsp.a(alt_putchar.o)
 .debug_abbrev  0x00000000000004e4      0x190 ../lab3_bsp/\libhal_bsp.a(alt_sys_init.o)
 .debug_abbrev  0x0000000000000674      0x127 ../lab3_bsp/\libhal_bsp.a(altera_avalon_jtag_uart_fd.o)
 .debug_abbrev  0x000000000000079b      0x197 ../lab3_bsp/\libhal_bsp.a(altera_avalon_jtag_uart_init.o)
 .debug_abbrev  0x0000000000000932      0x111 ../lab3_bsp/\libhal_bsp.a(altera_avalon_jtag_uart_ioctl.o)
 .debug_abbrev  0x0000000000000a43      0x1ac ../lab3_bsp/\libhal_bsp.a(altera_avalon_jtag_uart_read.o)
 .debug_abbrev  0x0000000000000bef      0x1a8 ../lab3_bsp/\libhal_bsp.a(altera_avalon_jtag_uart_write.o)
 .debug_abbrev  0x0000000000000d97      0x279 ../lab3_bsp/\libhal_bsp.a(altera_avalon_sgdma.o)
 .debug_abbrev  0x0000000000001010      0x162 ../lab3_bsp/\libhal_bsp.a(alt_alarm_start.o)
 .debug_abbrev  0x0000000000001172      0x11f ../lab3_bsp/\libhal_bsp.a(alt_close.o)
 .debug_abbrev  0x0000000000001291       0x8c ../lab3_bsp/\libhal_bsp.a(alt_dcache_flush.o)
 .debug_abbrev  0x000000000000131d       0x5a ../lab3_bsp/\libhal_bsp.a(alt_dcache_flush_all.o)
 .debug_abbrev  0x0000000000001377       0xd9 ../lab3_bsp/\libhal_bsp.a(alt_dev.o)
 .debug_abbrev  0x0000000000001450      0x114 ../lab3_bsp/\libhal_bsp.a(alt_dev_llist_insert.o)
 .debug_abbrev  0x0000000000001564       0x79 ../lab3_bsp/\libhal_bsp.a(alt_do_ctors.o)
 .debug_abbrev  0x00000000000015dd       0x79 ../lab3_bsp/\libhal_bsp.a(alt_do_dtors.o)
 .debug_abbrev  0x0000000000001656       0x5a ../lab3_bsp/\libhal_bsp.a(alt_errno.o)
 .debug_abbrev  0x00000000000016b0       0xf0 ../lab3_bsp/\libhal_bsp.a(alt_find_dev.o)
 .debug_abbrev  0x00000000000017a0       0x42 ../lab3_bsp/\libhal_bsp.a(alt_icache_flush_all.o)
 .debug_abbrev  0x00000000000017e2      0x163 ../lab3_bsp/\libhal_bsp.a(alt_iic.o)
 .debug_abbrev  0x0000000000001945      0x169 ../lab3_bsp/\libhal_bsp.a(alt_iic_isr_register.o)
 .debug_abbrev  0x0000000000001aae      0x114 ../lab3_bsp/\libhal_bsp.a(alt_io_redirect.o)
 .debug_abbrev  0x0000000000001bc2       0x12 ../lab3_bsp/\libhal_bsp.a(alt_irq_entry.o)
 .debug_abbrev  0x0000000000001bd4      0x122 ../lab3_bsp/\libhal_bsp.a(alt_irq_handler.o)
 .debug_abbrev  0x0000000000001cf6       0x40 ../lab3_bsp/\libhal_bsp.a(alt_irq_vars.o)
 .debug_abbrev  0x0000000000001d36      0x148 ../lab3_bsp/\libhal_bsp.a(alt_open.o)
 .debug_abbrev  0x0000000000001e7e       0xde ../lab3_bsp/\libhal_bsp.a(alt_release_fd.o)
 .debug_abbrev  0x0000000000001f5c      0x15a ../lab3_bsp/\libhal_bsp.a(alt_tick.o)
 .debug_abbrev  0x00000000000020b6       0x42 ../lab3_bsp/\libhal_bsp.a(altera_nios2_gen2_irq.o)
 .debug_abbrev  0x00000000000020f8       0x12 ../lab3_bsp/\libhal_bsp.a(alt_exception_entry.o)
 .debug_abbrev  0x000000000000210a       0xf0 ../lab3_bsp/\libhal_bsp.a(alt_find_file.o)
 .debug_abbrev  0x00000000000021fa      0x10d ../lab3_bsp/\libhal_bsp.a(alt_get_fd.o)
 .debug_abbrev  0x0000000000002307       0x8c ../lab3_bsp/\libhal_bsp.a(alt_icache_flush.o)
 .debug_abbrev  0x0000000000002393       0xd1 ../lab3_bsp/\libhal_bsp.a(alt_instruction_exception_entry.o)
 .debug_abbrev  0x0000000000002464       0xb8 c:/altera/15.0/nios2eds/bin/gnu/h-x86_64-mingw32/bin/../lib/gcc/nios2-elf/4.9.1/../../../../../H-x86_64-mingw32/nios2-elf/lib\libc.a(lib_a-atexit.o)
 .debug_abbrev  0x000000000000251c      0x1e6 c:/altera/15.0/nios2eds/bin/gnu/h-x86_64-mingw32/bin/../lib/gcc/nios2-elf/4.9.1/../../../../../H-x86_64-mingw32/nios2-elf/lib\libc.a(lib_a-exit.o)
 .debug_abbrev  0x0000000000002702      0x180 c:/altera/15.0/nios2eds/bin/gnu/h-x86_64-mingw32/bin/../lib/gcc/nios2-elf/4.9.1/../../../../../H-x86_64-mingw32/nios2-elf/lib\libc.a(lib_a-impure.o)
 .debug_abbrev  0x0000000000002882       0x37 c:/altera/15.0/nios2eds/bin/gnu/h-x86_64-mingw32/bin/../lib/gcc/nios2-elf/4.9.1/../../../../../H-x86_64-mingw32/nios2-elf/lib\libc.a(lib_a-int_errno.o)
 .debug_abbrev  0x00000000000028b9       0x7f c:/altera/15.0/nios2eds/bin/gnu/h-x86_64-mingw32/bin/../lib/gcc/nios2-elf/4.9.1/../../../../../H-x86_64-mingw32/nios2-elf/lib\libc.a(lib_a-memcmp.o)
 .debug_abbrev  0x0000000000002938       0x9c c:/altera/15.0/nios2eds/bin/gnu/h-x86_64-mingw32/bin/../lib/gcc/nios2-elf/4.9.1/../../../../../H-x86_64-mingw32/nios2-elf/lib\libc.a(lib_a-memcpy.o)
 .debug_abbrev  0x00000000000029d4      0x226 c:/altera/15.0/nios2eds/bin/gnu/h-x86_64-mingw32/bin/../lib/gcc/nios2-elf/4.9.1/../../../../../H-x86_64-mingw32/nios2-elf/lib\libc.a(lib_a-putc.o)
 .debug_abbrev  0x0000000000002bfa       0x90 c:/altera/15.0/nios2eds/bin/gnu/h-x86_64-mingw32/bin/../lib/gcc/nios2-elf/4.9.1/../../../../../H-x86_64-mingw32/nios2-elf/lib\libc.a(lib_a-strlen.o)
 .debug_abbrev  0x0000000000002c8a      0x238 c:/altera/15.0/nios2eds/bin/gnu/h-x86_64-mingw32/bin/../lib/gcc/nios2-elf/4.9.1/../../../../../H-x86_64-mingw32/nios2-elf/lib\libc.a(lib_a-wbuf.o)
 .debug_abbrev  0x0000000000002ec2      0x1f3 c:/altera/15.0/nios2eds/bin/gnu/h-x86_64-mingw32/bin/../lib/gcc/nios2-elf/4.9.1/../../../../../H-x86_64-mingw32/nios2-elf/lib\libc.a(lib_a-wsetup.o)
 .debug_abbrev  0x00000000000030b5      0x21e c:/altera/15.0/nios2eds/bin/gnu/h-x86_64-mingw32/bin/../lib/gcc/nios2-elf/4.9.1/../../../../../H-x86_64-mingw32/nios2-elf/lib\libc.a(lib_a-__atexit.o)
 .debug_abbrev  0x00000000000032d3      0x210 c:/altera/15.0/nios2eds/bin/gnu/h-x86_64-mingw32/bin/../lib/gcc/nios2-elf/4.9.1/../../../../../H-x86_64-mingw32/nios2-elf/lib\libc.a(lib_a-__call_atexit.o)
 .debug_abbrev  0x00000000000034e3      0x275 c:/altera/15.0/nios2eds/bin/gnu/h-x86_64-mingw32/bin/../lib/gcc/nios2-elf/4.9.1/../../../../../H-x86_64-mingw32/nios2-elf/lib\libc.a(lib_a-fflush.o)
 .debug_abbrev  0x0000000000003758      0x36b c:/altera/15.0/nios2eds/bin/gnu/h-x86_64-mingw32/bin/../lib/gcc/nios2-elf/4.9.1/../../../../../H-x86_64-mingw32/nios2-elf/lib\libc.a(lib_a-findfp.o)
 .debug_abbrev  0x0000000000003ac3      0x27b c:/altera/15.0/nios2eds/bin/gnu/h-x86_64-mingw32/bin/../lib/gcc/nios2-elf/4.9.1/../../../../../H-x86_64-mingw32/nios2-elf/lib\libc.a(lib_a-freer.o)
 .debug_abbrev  0x0000000000003d3e      0x242 c:/altera/15.0/nios2eds/bin/gnu/h-x86_64-mingw32/bin/../lib/gcc/nios2-elf/4.9.1/../../../../../H-x86_64-mingw32/nios2-elf/lib\libc.a(lib_a-fwalk.o)
 .debug_abbrev  0x0000000000003f80      0x206 c:/altera/15.0/nios2eds/bin/gnu/h-x86_64-mingw32/bin/../lib/gcc/nios2-elf/4.9.1/../../../../../H-x86_64-mingw32/nios2-elf/lib\libc.a(lib_a-makebuf.o)
 .debug_abbrev  0x0000000000004186      0x2ad c:/altera/15.0/nios2eds/bin/gnu/h-x86_64-mingw32/bin/../lib/gcc/nios2-elf/4.9.1/../../../../../H-x86_64-mingw32/nios2-elf/lib\libc.a(lib_a-mallocr.o)
 .debug_abbrev  0x0000000000004433       0xae c:/altera/15.0/nios2eds/bin/gnu/h-x86_64-mingw32/bin/../lib/gcc/nios2-elf/4.9.1/../../../../../H-x86_64-mingw32/nios2-elf/lib\libc.a(lib_a-memset.o)
 .debug_abbrev  0x00000000000044e1      0x1fd c:/altera/15.0/nios2eds/bin/gnu/h-x86_64-mingw32/bin/../lib/gcc/nios2-elf/4.9.1/../../../../../H-x86_64-mingw32/nios2-elf/lib\libc.a(lib_a-sbrkr.o)
 .debug_abbrev  0x00000000000046de      0x246 c:/altera/15.0/nios2eds/bin/gnu/h-x86_64-mingw32/bin/../lib/gcc/nios2-elf/4.9.1/../../../../../H-x86_64-mingw32/nios2-elf/lib\libc.a(lib_a-stdio.o)
 .debug_abbrev  0x0000000000004924      0x1de c:/altera/15.0/nios2eds/bin/gnu/h-x86_64-mingw32/bin/../lib/gcc/nios2-elf/4.9.1/../../../../../H-x86_64-mingw32/nios2-elf/lib\libc.a(lib_a-writer.o)
 .debug_abbrev  0x0000000000004b02      0x1d9 c:/altera/15.0/nios2eds/bin/gnu/h-x86_64-mingw32/bin/../lib/gcc/nios2-elf/4.9.1/../../../../../H-x86_64-mingw32/nios2-elf/lib\libc.a(closer.o)
 .debug_abbrev  0x0000000000004cdb      0x2a9 c:/altera/15.0/nios2eds/bin/gnu/h-x86_64-mingw32/bin/../lib/gcc/nios2-elf/4.9.1/../../../../../H-x86_64-mingw32/nios2-elf/lib\libc.a(lib_a-fclose.o)
 .debug_abbrev  0x0000000000004f84      0x1e8 c:/altera/15.0/nios2eds/bin/gnu/h-x86_64-mingw32/bin/../lib/gcc/nios2-elf/4.9.1/../../../../../H-x86_64-mingw32/nios2-elf/lib\libc.a(lib_a-fstatr.o)
 .debug_abbrev  0x000000000000516c      0x1d9 c:/altera/15.0/nios2eds/bin/gnu/h-x86_64-mingw32/bin/../lib/gcc/nios2-elf/4.9.1/../../../../../H-x86_64-mingw32/nios2-elf/lib\libc.a(lib_a-isattyr.o)
 .debug_abbrev  0x0000000000005345      0x1e8 c:/altera/15.0/nios2eds/bin/gnu/h-x86_64-mingw32/bin/../lib/gcc/nios2-elf/4.9.1/../../../../../H-x86_64-mingw32/nios2-elf/lib\libc.a(lib_a-lseekr.o)
 .debug_abbrev  0x000000000000552d      0x1d9 c:/altera/15.0/nios2eds/bin/gnu/h-x86_64-mingw32/bin/../lib/gcc/nios2-elf/4.9.1/../../../../../H-x86_64-mingw32/nios2-elf/lib\libc.a(lib_a-readr.o)
 .debug_abbrev  0x0000000000005706       0xa6 ../lab3_bsp/\libhal_bsp.a(alt_exit.o)
 .debug_abbrev  0x00000000000057ac      0x11f ../lab3_bsp/\libhal_bsp.a(alt_fstat.o)
 .debug_abbrev  0x00000000000058cb      0x11f ../lab3_bsp/\libhal_bsp.a(alt_isatty.o)
 .debug_abbrev  0x00000000000059ea      0x11f ../lab3_bsp/\libhal_bsp.a(alt_lseek.o)
 .debug_abbrev  0x0000000000005b09      0x1a5 ../lab3_bsp/\libhal_bsp.a(alt_malloc_lock.o)
 .debug_abbrev  0x0000000000005cae      0x12e ../lab3_bsp/\libhal_bsp.a(alt_read.o)
 .debug_abbrev  0x0000000000005ddc      0x112 ../lab3_bsp/\libhal_bsp.a(alt_sbrk.o)
 .debug_abbrev  0x0000000000005eee      0x133 ../lab3_bsp/\libhal_bsp.a(alt_write.o)

.debug_line     0x0000000000000000     0x655f
 *(.debug_line)
 .debug_line    0x0000000000000000       0x72 ../lab3_bsp//obj/HAL/src/crt0.o
 .debug_line    0x0000000000000072      0x150 obj/default/lab3.o
 .debug_line    0x00000000000001c2       0x8d ../lab3_bsp/\libhal_bsp.a(alt_load.o)
 .debug_line    0x000000000000024f       0xa4 ../lab3_bsp/\libhal_bsp.a(alt_main.o)
 .debug_line    0x00000000000002f3       0xe1 ../lab3_bsp/\libhal_bsp.a(alt_printf.o)
 .debug_line    0x00000000000003d4      0x110 ../lab3_bsp/\libhal_bsp.a(alt_putchar.o)
 .debug_line    0x00000000000004e4      0x178 ../lab3_bsp/\libhal_bsp.a(alt_sys_init.o)
 .debug_line    0x000000000000065c      0x12f ../lab3_bsp/\libhal_bsp.a(altera_avalon_jtag_uart_fd.o)
 .debug_line    0x000000000000078b      0x180 ../lab3_bsp/\libhal_bsp.a(altera_avalon_jtag_uart_init.o)
 .debug_line    0x000000000000090b      0x12e ../lab3_bsp/\libhal_bsp.a(altera_avalon_jtag_uart_ioctl.o)
 .debug_line    0x0000000000000a39      0x16a ../lab3_bsp/\libhal_bsp.a(altera_avalon_jtag_uart_read.o)
 .debug_line    0x0000000000000ba3      0x16a ../lab3_bsp/\libhal_bsp.a(altera_avalon_jtag_uart_write.o)
 .debug_line    0x0000000000000d0d      0x2b8 ../lab3_bsp/\libhal_bsp.a(altera_avalon_sgdma.o)
 .debug_line    0x0000000000000fc5       0xfa ../lab3_bsp/\libhal_bsp.a(alt_alarm_start.o)
 .debug_line    0x00000000000010bf      0x15e ../lab3_bsp/\libhal_bsp.a(alt_close.o)
 .debug_line    0x000000000000121d       0x7c ../lab3_bsp/\libhal_bsp.a(alt_dcache_flush.o)
 .debug_line    0x0000000000001299       0x61 ../lab3_bsp/\libhal_bsp.a(alt_dcache_flush_all.o)
 .debug_line    0x00000000000012fa       0xf0 ../lab3_bsp/\libhal_bsp.a(alt_dev.o)
 .debug_line    0x00000000000013ea       0xd0 ../lab3_bsp/\libhal_bsp.a(alt_dev_llist_insert.o)
 .debug_line    0x00000000000014ba       0x59 ../lab3_bsp/\libhal_bsp.a(alt_do_ctors.o)
 .debug_line    0x0000000000001513       0x59 ../lab3_bsp/\libhal_bsp.a(alt_do_dtors.o)